


ARM Macro Assembler    Page 1 


    1 00000000         ;/******************************************************
                       ********************//**
    2 00000000         ; * @file     startup_LPC17xx.s
    3 00000000         ; * @brief    CMSIS Cortex-M3 Core Device Startup File f
                       or
    4 00000000         ; *           NXP LPC17xx Device Series
    5 00000000         ; * @version  V1.10
    6 00000000         ; * @date     06. April 2011
    7 00000000         ; *
    8 00000000         ; * @note
    9 00000000         ; * Copyright (C) 2009-2011 ARM Limited. All rights rese
                       rved.
   10 00000000         ; *
   11 00000000         ; * @par
   12 00000000         ; * ARM Limited (ARM) is supplying this software for use
                        with Cortex-M
   13 00000000         ; * processor based microcontrollers.  This file can be 
                       freely distributed
   14 00000000         ; * within development tools that are supporting such AR
                       M based processors.
   15 00000000         ; *
   16 00000000         ; * @par
   17 00000000         ; * THIS SOFTWARE IS PROVIDED "AS IS".  NO WARRANTIES, W
                       HETHER EXPRESS, IMPLIED
   18 00000000         ; * OR STATUTORY, INCLUDING, BUT NOT LIMITED TO, IMPLIED
                        WARRANTIES OF
   19 00000000         ; * MERCHANTABILITY AND FITNESS FOR A PARTICULAR PURPOSE
                        APPLY TO THIS SOFTWARE.
   20 00000000         ; * ARM SHALL NOT, IN ANY CIRCUMSTANCES, BE LIABLE FOR S
                       PECIAL, INCIDENTAL, OR
   21 00000000         ; * CONSEQUENTIAL DAMAGES, FOR ANY REASON WHATSOEVER.
   22 00000000         ; *
   23 00000000         ; ******************************************************
                       ************************/
   24 00000000         
   25 00000000         ; *------- <<< Use Configuration Wizard in Context Menu 
                       >>> ------------------
   26 00000000         
   27 00000000         ; <h> Stack Configuration
   28 00000000         ;   <o> Stack Size (in Bytes) <0x0-0xFFFFFFFF:8>
   29 00000000         ; </h>
   30 00000000         
   31 00000000 00000200 
                       Stack_Size
                               EQU              0x00000200
   32 00000000         
   33 00000000                 AREA             STACK, NOINIT, READWRITE, ALIGN
=3
   34 00000000         Stack_Mem
                               SPACE            Stack_Size
   35 00000200         __initial_sp
   36 00000200         
   37 00000200         
   38 00000200         ; <h> Heap Configuration
   39 00000200         ;   <o>  Heap Size (in Bytes) <0x0-0xFFFFFFFF:8>
   40 00000200         ; </h>
   41 00000200         
   42 00000200 00000000 
                       Heap_Size



ARM Macro Assembler    Page 2 


                               EQU              0x00000000
   43 00000200         
   44 00000200                 AREA             HEAP, NOINIT, READWRITE, ALIGN=
3
   45 00000000         __heap_base
   46 00000000         Heap_Mem
                               SPACE            Heap_Size
   47 00000000         __heap_limit
   48 00000000         
   49 00000000         
   50 00000000                 PRESERVE8
   51 00000000                 THUMB
   52 00000000         
   53 00000000         
   54 00000000         ; Vector Table Mapped to Address 0 at Reset
   55 00000000         
   56 00000000                 AREA             RESET, DATA, READONLY
   57 00000000                 EXPORT           __Vectors
   58 00000000         
   59 00000000 00000000 
                       __Vectors
                               DCD              __initial_sp ; Top of Stack
   60 00000004 00000000        DCD              Reset_Handler ; Reset Handler
   61 00000008 00000000        DCD              NMI_Handler ; NMI Handler
   62 0000000C 00000000        DCD              HardFault_Handler ; Hard Fault 
                                                            Handler
   63 00000010 00000000        DCD              MemManage_Handler 
                                                            ; MPU Fault Handler
                                                            
   64 00000014 00000000        DCD              BusFault_Handler 
                                                            ; Bus Fault Handler
                                                            
   65 00000018 00000000        DCD              UsageFault_Handler ; Usage Faul
                                                            t Handler
   66 0000001C 00000000        DCD              0           ; Reserved
   67 00000020 00000000        DCD              0           ; Reserved
   68 00000024 00000000        DCD              0           ; Reserved
   69 00000028 00000000        DCD              0           ; Reserved
   70 0000002C 00000000        DCD              SVC_Handler ; SVCall Handler
   71 00000030 00000000        DCD              DebugMon_Handler ; Debug Monito
                                                            r Handler
   72 00000034 00000000        DCD              0           ; Reserved
   73 00000038 00000000        DCD              PendSV_Handler ; PendSV Handler
                                                            
   74 0000003C 00000000        DCD              SysTick_Handler 
                                                            ; SysTick Handler
   75 00000040         
   76 00000040         ; External Interrupts
   77 00000040 00000000        DCD              WDT_IRQHandler ; 16: Watchdog T
                                                            imer
   78 00000044 00000000        DCD              TIMER0_IRQHandler ; 17: Timer0
   79 00000048 00000000        DCD              TIMER1_IRQHandler ; 18: Timer1
   80 0000004C 00000000        DCD              TIMER2_IRQHandler ; 19: Timer2
   81 00000050 00000000        DCD              TIMER3_IRQHandler ; 20: Timer3
   82 00000054 00000000        DCD              UART0_IRQHandler ; 21: UART0
   83 00000058 00000000        DCD              UART1_IRQHandler ; 22: UART1
   84 0000005C 00000000        DCD              UART2_IRQHandler ; 23: UART2
   85 00000060 00000000        DCD              UART3_IRQHandler ; 24: UART3
   86 00000064 00000000        DCD              PWM1_IRQHandler ; 25: PWM1



ARM Macro Assembler    Page 3 


   87 00000068 00000000        DCD              I2C0_IRQHandler ; 26: I2C0
   88 0000006C 00000000        DCD              I2C1_IRQHandler ; 27: I2C1
   89 00000070 00000000        DCD              I2C2_IRQHandler ; 28: I2C2
   90 00000074 00000000        DCD              SPI_IRQHandler ; 29: SPI
   91 00000078 00000000        DCD              SSP0_IRQHandler ; 30: SSP0
   92 0000007C 00000000        DCD              SSP1_IRQHandler ; 31: SSP1
   93 00000080 00000000        DCD              PLL0_IRQHandler ; 32: PLL0 Lock
                                                             (Main PLL)
   94 00000084 00000000        DCD              RTC_IRQHandler ; 33: Real Time 
                                                            Clock
   95 00000088 00000000        DCD              EINT0_IRQHandler ; 34: External
                                                             Interrupt 0
   96 0000008C 00000000        DCD              EINT1_IRQHandler ; 35: External
                                                             Interrupt 1
   97 00000090 00000000        DCD              EINT2_IRQHandler ; 36: External
                                                             Interrupt 2
   98 00000094 00000000        DCD              EINT3_IRQHandler ; 37: External
                                                             Interrupt 3
   99 00000098 00000000        DCD              ADC_IRQHandler 
                                                            ; 38: A/D Converter
                                                            
  100 0000009C 00000000        DCD              BOD_IRQHandler ; 39: Brown-Out 
                                                            Detect
  101 000000A0 00000000        DCD              USB_IRQHandler ; 40: USB
  102 000000A4 00000000        DCD              CAN_IRQHandler ; 41: CAN
  103 000000A8 00000000        DCD              DMA_IRQHandler ; 42: General Pu
                                                            rpose DMA
  104 000000AC 00000000        DCD              I2S_IRQHandler ; 43: I2S
  105 000000B0 00000000        DCD              ENET_IRQHandler ; 44: Ethernet
  106 000000B4 00000000        DCD              RIT_IRQHandler ; 45: Repetitive
                                                             Interrupt Timer
  107 000000B8 00000000        DCD              MCPWM_IRQHandler ; 46: Motor Co
                                                            ntrol PWM
  108 000000BC 00000000        DCD              QEI_IRQHandler ; 47: Quadrature
                                                             Encoder Interface
  109 000000C0 00000000        DCD              PLL1_IRQHandler ; 48: PLL1 Lock
                                                             (USB PLL)
  110 000000C4 00000000        DCD              USBActivity_IRQHandler ; 49: US
                                                            B Activity interrup
                                                            t to wakeup
  111 000000C8 00000000        DCD              CANActivity_IRQHandler ; 50: CA
                                                            N Activity interrup
                                                            t to wakeup
  112 000000CC         
  113 000000CC         
  114 000000CC                 IF               :LNOT::DEF:NO_CRP
  115 000000CC                 AREA             |.ARM.__at_0x02FC|, CODE, READO
NLY
  116 00000000 FFFFFFFF 
                       CRP_Key DCD              0xFFFFFFFF
  117 00000004                 ENDIF
  118 00000004         
  119 00000004         
  120 00000004                 AREA             |.text|, CODE, READONLY
  121 00000000         
  122 00000000         
  123 00000000         ; Reset Handler
  124 00000000        4 
                       index   rn               r4



ARM Macro Assembler    Page 4 


  125 00000000        0 
                       inouput rn               r0
  126 00000000        1 
                       inouput2
                               rn               r1
  127 00000000        5 
                       temp1   rn               r5
  128 00000000        6 
                       temp2   rn               r6
  129 00000000        7 
                       radic   rn               r7
  130 00000000        B 
                       previousindex
                               rn               r11
  131 00000000        7 
                       temp3   rn               r7
  132 00000000        8 
                       temp4   rn               r8
  133 00000000         
  134 00000000        9 
                       temp5   rn               r9
  135 00000000        A 
                       temp6   rn               r10
  136 00000000         Reset_Handler
                               PROC
  137 00000000                 EXPORT           Reset_Handler             [WEAK
]
  138 00000000                 export           radical
  139 00000000                 export           coprime
  140 00000000         ; item 1
  141 00000000 F04F 001B       MOV              r0, #27
  142 00000004         ;MOV r0, #7
  143 00000004 F7FF FFFE       BL               radical
  144 00000008         
  145 00000008         ; remove comments to solve item 2
  146 00000008 F04F 0018       MOV              r0, #24
  147 0000000C F04F 0111       MOV              r1, #17
  148 00000010 F7FF FFFE       BL               coprime
  149 00000014         
  150 00000014         ; remove comments to solve item 3
  151 00000014                 IMPORT           SystemInit
  152 00000014                 IMPORT           __main
  153 00000014 483B            LDR              R0, =SystemInit
  154 00000016 4780            BLX              R0
  155 00000018 483B            LDR              R0, =__main
  156 0000001A 4700            BX               R0
  157 0000001C E7FE    stop    B                stop
  158 0000001E                 ENDP
  159 0000001E         
  160 0000001E         radical proc
  161 0000001E E92D 5FF0       push             {r4-r12,lr}
  162 00000022 F04F 0402       mov              index,#2
  163 00000026 F04F 0701       mov              radic,#1
  164 0000002A         loop1
  165 0000002A FBB0 F5F4       udiv             temp1, inouput,index
  166 0000002E FB05 F604       mul              temp2,temp1,index
  167 00000032 4286            cmp              temp2,inouput ; r0,r6
  168 00000034 BF18 3401       addne            index,#1
  169 00000038 4286            cmp              temp2,inouput ; r0,r6



ARM Macro Assembler    Page 5 


  170 0000003A D000            beq              areequal
  171 0000003C E006            b                notequal
  172 0000003E         areequal
  173 0000003E 4628            mov              inouput,temp1
  174 00000040 45A3            cmp              previousindex,index
  175 00000042 D003            beq              notmjulti
  176 00000044 BF1C FB07 
              F704             mulne            radic,index
  177 0000004A 46A3            movne            previousindex,index
  178 0000004C         notmjulti
  179 0000004C         notequal
  180 0000004C 4284            cmp              index,inouput ; r4,r0
  181 0000004E DDEC            ble              loop1
  182 00000050 2D01            cmp              temp1,#1
  183 00000052 BF08 FB07 
              F700             muleq            radic,inouput
  184 00000058 4638            mov              inouput,radic
  185 0000005A E8BD 9FF0       pop              {r4-r12,pc}
  186 0000005E                 endp
  187 0000005E         
  188 0000005E         
  189 0000005E         coprime proc
  190 0000005E E92D 5FF0       push             {r4-r12,lr}
  191 00000062         
  192 00000062         ; if (u is even AND v is even) 
  193 00000062         ;  return 0;
  194 00000062 F010 0F01       TST              r0, #1
  195 00000066 D105            bne              bothnoteven
  196 00000068 F011 0F01       tst              r1, #1
  197 0000006C D102            bne              bothnoteven
  198 0000006E F04F 0000       mov              r0,#0
  199 00000072 E013            b                u_isodd
  200 00000074         bothnoteven
  201 00000074         
  202 00000074         loop_ueven
  203 00000074 F010 0F01       TST              r0, #1
  204 00000078 D102            bne              loop_vdevide
  205 0000007A EA4F 0050       lsr              r0,#1       ;u 
  206 0000007E E7F9            b                loop_ueven
  207 00000080         
  208 00000080         
  209 00000080         loop_vdevide
  210 00000080 F011 0F01       TST              r1, #1
  211 00000084 D102            bne              v_isodd
  212 00000086 EA4F 0151       lsr              r1,#1       ;v    
  213 0000008A E7F9            b                loop_vdevide
  214 0000008C         v_isodd
  215 0000008C 4288            cmp              r0,r1
  216 0000008E BFC3            ITTTE            gt
  217 00000090 4048            eorgt            r0,r0,r1
  218 00000092 4041            eorgt            r1,r1,r0
  219 00000094 4048            eorgt            r0,r0,r1
  220 00000096 1A09            suble            r1,r1,r0
  221 00000098 2900            cmp              r1,#0
  222 0000009A D1F1            bne              loop_vdevide
  223 0000009C         
  224 0000009C         
  225 0000009C         u_isodd
  226 0000009C 2801            cmp              r0,#1



ARM Macro Assembler    Page 6 


  227 0000009E BF0C            ITE              eq
  228 000000A0 2001            moveq            r0,#1
  229 000000A2 2000            movne            r0,#0
  230 000000A4         
  231 000000A4 E8BD 9FF0       pop              {r4-r12,pc}
  232 000000A8                 endp
  233 000000A8         
  234 000000A8         coprim  proc
  235 000000A8 E92D 5FF0       push             {r4-r12,lr}
  236 000000AC         
  237 000000AC         
  238 000000AC F7FF FFFE       BL               radical
  239 000000B0 4605            mov              temp1,inouput
  240 000000B2         
  241 000000B2 4608            mov              inouput,inouput2
  242 000000B4 F7FF FFFE       BL               radical
  243 000000B8 4606            mov              temp2,inouput
  244 000000BA         
  245 000000BA         
  246 000000BA 42B5            cmp              temp1,temp2
  247 000000BC BFCC FBB5 
              F7F6             udivgt           temp3,temp1,temp2
  248 000000C2 FBB6 F7F5       udivle           temp3,temp2,temp1
  249 000000C6         
  250 000000C6 FB07 F906       mul              temp5,temp3,temp2
  251 000000CA         ;mul temp6,temp2,temp2
  252 000000CA         
  253 000000CA         
  254 000000CA         ;cmp temp5,temp1
  255 000000CA         ;beq notcoprim
  256 000000CA         
  257 000000CA         ;cmp temp6,temp2
  258 000000CA         ;beq notcoprim
  259 000000CA         
  260 000000CA 2F01            cmp              temp3,#1
  261 000000CC DC03            bgt              notcoprim
  262 000000CE F1B8 0F01       cmp              temp4,#1
  263 000000D2 DC00            bgt              notcoprim
  264 000000D4         
  265 000000D4         ; tst inouput,#1
  266 000000D4         ; tstne inouput2,#1
  267 000000D4         ; ; so both are even
  268 000000D4         ; beq notcoprim
  269 000000D4         ; 
  270 000000D4         ; tst inouput,#1
  271 000000D4         ; tstne inouput2,#1
  272 000000D4         ; ; so both are even
  273 000000D4         ; beq notcoprim
  274 000000D4 E002            b                iscoprim
  275 000000D6         
  276 000000D6 F04F 0000 
                       notcoprim
                               mov              inouput,#0
  277 000000DA E001            b                endcoprim
  278 000000DC F04F 0001 
                       iscoprim
                               mov              inouput,#1
  279 000000E0         endcoprim
  280 000000E0 E8BD 9FF0       pop              {r4-r12,pc}



ARM Macro Assembler    Page 7 


  281 000000E4                 endp
  282 000000E4         
  283 000000E4         
  284 000000E4         ; Dummy Exception Handlers (infinite loops which can be 
                       modified)
  285 000000E4         
  286 000000E4         NMI_Handler
                               PROC
  287 000000E4                 EXPORT           NMI_Handler               [WEAK
]
  288 000000E4 E7FE            B                .
  289 000000E6                 ENDP
  291 000000E6         HardFault_Handler
                               PROC
  292 000000E6                 EXPORT           HardFault_Handler         [WEAK
]
  293 000000E6 E7FE            B                .
  294 000000E8                 ENDP
  296 000000E8         MemManage_Handler
                               PROC
  297 000000E8                 EXPORT           MemManage_Handler         [WEAK
]
  298 000000E8 E7FE            B                .
  299 000000EA                 ENDP
  301 000000EA         BusFault_Handler
                               PROC
  302 000000EA                 EXPORT           BusFault_Handler          [WEAK
]
  303 000000EA E7FE            B                .
  304 000000EC                 ENDP
  306 000000EC         UsageFault_Handler
                               PROC
  307 000000EC                 EXPORT           UsageFault_Handler        [WEAK
]
  308 000000EC E7FE            B                .
  309 000000EE                 ENDP
  310 000000EE         SVC_Handler
                               PROC
  311 000000EE                 EXPORT           SVC_Handler               [WEAK
]
  312 000000EE E7FE            B                .
  313 000000F0                 ENDP
  315 000000F0         DebugMon_Handler
                               PROC
  316 000000F0                 EXPORT           DebugMon_Handler          [WEAK
]
  317 000000F0 E7FE            B                .
  318 000000F2                 ENDP
  319 000000F2         PendSV_Handler
                               PROC
  320 000000F2                 EXPORT           PendSV_Handler            [WEAK
]
  321 000000F2 E7FE            B                .
  322 000000F4                 ENDP
  323 000000F4         SysTick_Handler
                               PROC
  324 000000F4                 EXPORT           SysTick_Handler           [WEAK
]
  325 000000F4 E7FE            B                .



ARM Macro Assembler    Page 8 


  326 000000F6                 ENDP
  327 000000F6         
  328 000000F6         Default_Handler
                               PROC
  329 000000F6         
  330 000000F6                 EXPORT           WDT_IRQHandler            [WEAK
]
  331 000000F6                 EXPORT           TIMER0_IRQHandler         [WEAK
]
  332 000000F6                 EXPORT           TIMER1_IRQHandler         [WEAK
]
  333 000000F6                 EXPORT           TIMER2_IRQHandler         [WEAK
]
  334 000000F6                 EXPORT           TIMER3_IRQHandler         [WEAK
]
  335 000000F6                 EXPORT           UART0_IRQHandler          [WEAK
]
  336 000000F6                 EXPORT           UART1_IRQHandler          [WEAK
]
  337 000000F6                 EXPORT           UART2_IRQHandler          [WEAK
]
  338 000000F6                 EXPORT           UART3_IRQHandler          [WEAK
]
  339 000000F6                 EXPORT           PWM1_IRQHandler           [WEAK
]
  340 000000F6                 EXPORT           I2C0_IRQHandler           [WEAK
]
  341 000000F6                 EXPORT           I2C1_IRQHandler           [WEAK
]
  342 000000F6                 EXPORT           I2C2_IRQHandler           [WEAK
]
  343 000000F6                 EXPORT           SPI_IRQHandler            [WEAK
]
  344 000000F6                 EXPORT           SSP0_IRQHandler           [WEAK
]
  345 000000F6                 EXPORT           SSP1_IRQHandler           [WEAK
]
  346 000000F6                 EXPORT           PLL0_IRQHandler           [WEAK
]
  347 000000F6                 EXPORT           RTC_IRQHandler            [WEAK
]
  348 000000F6                 EXPORT           EINT0_IRQHandler          [WEAK
]
  349 000000F6                 EXPORT           EINT1_IRQHandler          [WEAK
]
  350 000000F6                 EXPORT           EINT2_IRQHandler          [WEAK
]
  351 000000F6                 EXPORT           EINT3_IRQHandler          [WEAK
]
  352 000000F6                 EXPORT           ADC_IRQHandler            [WEAK
]
  353 000000F6                 EXPORT           BOD_IRQHandler            [WEAK
]
  354 000000F6                 EXPORT           USB_IRQHandler            [WEAK
]
  355 000000F6                 EXPORT           CAN_IRQHandler            [WEAK
]
  356 000000F6                 EXPORT           DMA_IRQHandler            [WEAK
]



ARM Macro Assembler    Page 9 


  357 000000F6                 EXPORT           I2S_IRQHandler            [WEAK
]
  358 000000F6                 EXPORT           ENET_IRQHandler           [WEAK
]
  359 000000F6                 EXPORT           RIT_IRQHandler            [WEAK
]
  360 000000F6                 EXPORT           MCPWM_IRQHandler          [WEAK
]
  361 000000F6                 EXPORT           QEI_IRQHandler            [WEAK
]
  362 000000F6                 EXPORT           PLL1_IRQHandler           [WEAK
]
  363 000000F6                 EXPORT           USBActivity_IRQHandler    [WEAK
]
  364 000000F6                 EXPORT           CANActivity_IRQHandler    [WEAK
]
  365 000000F6         
  366 000000F6         WDT_IRQHandler
  367 000000F6         TIMER0_IRQHandler
  368 000000F6         TIMER1_IRQHandler
  369 000000F6         TIMER2_IRQHandler
  370 000000F6         TIMER3_IRQHandler
  371 000000F6         UART0_IRQHandler
  372 000000F6         UART1_IRQHandler
  373 000000F6         UART2_IRQHandler
  374 000000F6         UART3_IRQHandler
  375 000000F6         PWM1_IRQHandler
  376 000000F6         I2C0_IRQHandler
  377 000000F6         I2C1_IRQHandler
  378 000000F6         I2C2_IRQHandler
  379 000000F6         SPI_IRQHandler
  380 000000F6         SSP0_IRQHandler
  381 000000F6         SSP1_IRQHandler
  382 000000F6         PLL0_IRQHandler
  383 000000F6         RTC_IRQHandler
  384 000000F6         EINT0_IRQHandler
  385 000000F6         EINT1_IRQHandler
  386 000000F6         EINT2_IRQHandler
  387 000000F6         EINT3_IRQHandler
  388 000000F6         ADC_IRQHandler
  389 000000F6         BOD_IRQHandler
  390 000000F6         USB_IRQHandler
  391 000000F6         CAN_IRQHandler
  392 000000F6         DMA_IRQHandler
  393 000000F6         I2S_IRQHandler
  394 000000F6         ENET_IRQHandler
  395 000000F6         RIT_IRQHandler
  396 000000F6         MCPWM_IRQHandler
  397 000000F6         QEI_IRQHandler
  398 000000F6         PLL1_IRQHandler
  399 000000F6         USBActivity_IRQHandler
  400 000000F6         CANActivity_IRQHandler
  401 000000F6         
  402 000000F6 E7FE            B                .
  403 000000F8         
  404 000000F8                 ENDP
  405 000000F8         
  406 000000F8         
  407 000000F8                 ALIGN



ARM Macro Assembler    Page 10 


  408 000000F8         
  409 000000F8         
  410 000000F8         ; User Initial Stack & Heap
  411 000000F8         
  412 000000F8                 IF               :DEF:__MICROLIB
  419 000000F8         
  420 000000F8                 IMPORT           __use_two_region_memory
  421 000000F8                 EXPORT           __user_initial_stackheap
  422 000000F8         __user_initial_stackheap
  423 000000F8         
  424 000000F8 4804            LDR              R0, =  Heap_Mem
  425 000000FA 4905            LDR              R1, =(Stack_Mem + Stack_Size)
  426 000000FC 4A03            LDR              R2, = (Heap_Mem +  Heap_Size)
  427 000000FE 4B05            LDR              R3, = Stack_Mem
  428 00000100 4770            BX               LR
  429 00000102         
  430 00000102 00 00           ALIGN
  431 00000104         
  432 00000104                 ENDIF
  433 00000104         
  434 00000104         
  435 00000104                 END
              00000000 
              00000000 
              00000000 
              00000200 
              00000000 
Command Line: --debug --xref --diag_suppress=9931 --cpu=Cortex-M3 --apcs=interw
ork --depend=.\objects\startup_lpc17xx.d -o.\objects\startup_lpc17xx.o -I.\RTE\
Device\LPC1768 -I.\RTE\_Target_1 -IC:\Users\Behi\AppData\Local\Arm\Packs\ARM\CM
SIS\5.6.0\CMSIS\Core\Include -IC:\Users\Behi\AppData\Local\Arm\Packs\Keil\LPC17
00_DFP\2.6.0\Device\Include --predefine="__EVAL SETA 1" --predefine="__UVISION_
VERSION SETA 529" --predefine="_RTE_ SETA 1" --predefine="LPC175x_6x SETA 1" --
list=.\listings\startup_lpc17xx.lst RTE\Device\LPC1768\startup_LPC17xx.s



ARM Macro Assembler    Page 1 Alphabetic symbol ordering
Relocatable symbols

STACK 00000000

Symbol: STACK
   Definitions
      At line 33 in file RTE\Device\LPC1768\startup_LPC17xx.s
   Uses
      None
Comment: STACK unused
Stack_Mem 00000000

Symbol: Stack_Mem
   Definitions
      At line 34 in file RTE\Device\LPC1768\startup_LPC17xx.s
   Uses
      At line 425 in file RTE\Device\LPC1768\startup_LPC17xx.s
      At line 427 in file RTE\Device\LPC1768\startup_LPC17xx.s

__initial_sp 00000200

Symbol: __initial_sp
   Definitions
      At line 35 in file RTE\Device\LPC1768\startup_LPC17xx.s
   Uses
      At line 59 in file RTE\Device\LPC1768\startup_LPC17xx.s
Comment: __initial_sp used once
3 symbols



ARM Macro Assembler    Page 1 Alphabetic symbol ordering
Relocatable symbols

HEAP 00000000

Symbol: HEAP
   Definitions
      At line 44 in file RTE\Device\LPC1768\startup_LPC17xx.s
   Uses
      None
Comment: HEAP unused
Heap_Mem 00000000

Symbol: Heap_Mem
   Definitions
      At line 46 in file RTE\Device\LPC1768\startup_LPC17xx.s
   Uses
      At line 424 in file RTE\Device\LPC1768\startup_LPC17xx.s
      At line 426 in file RTE\Device\LPC1768\startup_LPC17xx.s

__heap_base 00000000

Symbol: __heap_base
   Definitions
      At line 45 in file RTE\Device\LPC1768\startup_LPC17xx.s
   Uses
      None
Comment: __heap_base unused
__heap_limit 00000000

Symbol: __heap_limit
   Definitions
      At line 47 in file RTE\Device\LPC1768\startup_LPC17xx.s
   Uses
      None
Comment: __heap_limit unused
4 symbols



ARM Macro Assembler    Page 1 Alphabetic symbol ordering
Relocatable symbols

RESET 00000000

Symbol: RESET
   Definitions
      At line 56 in file RTE\Device\LPC1768\startup_LPC17xx.s
   Uses
      None
Comment: RESET unused
__Vectors 00000000

Symbol: __Vectors
   Definitions
      At line 59 in file RTE\Device\LPC1768\startup_LPC17xx.s
   Uses
      At line 57 in file RTE\Device\LPC1768\startup_LPC17xx.s
Comment: __Vectors used once
2 symbols



ARM Macro Assembler    Page 1 Alphabetic symbol ordering
Relocatable symbols

.ARM.__at_0x02FC 00000000

Symbol: .ARM.__at_0x02FC
   Definitions
      At line 115 in file RTE\Device\LPC1768\startup_LPC17xx.s
   Uses
      None
Comment: .ARM.__at_0x02FC unused
CRP_Key 00000000

Symbol: CRP_Key
   Definitions
      At line 116 in file RTE\Device\LPC1768\startup_LPC17xx.s
   Uses
      None
Comment: CRP_Key unused
2 symbols



ARM Macro Assembler    Page 1 Alphabetic symbol ordering
Relocatable symbols

.text 00000000

Symbol: .text
   Definitions
      At line 120 in file RTE\Device\LPC1768\startup_LPC17xx.s
   Uses
      None
Comment: .text unused
ADC_IRQHandler 000000F6

Symbol: ADC_IRQHandler
   Definitions
      At line 388 in file RTE\Device\LPC1768\startup_LPC17xx.s
   Uses
      At line 99 in file RTE\Device\LPC1768\startup_LPC17xx.s
      At line 352 in file RTE\Device\LPC1768\startup_LPC17xx.s

BOD_IRQHandler 000000F6

Symbol: BOD_IRQHandler
   Definitions
      At line 389 in file RTE\Device\LPC1768\startup_LPC17xx.s
   Uses
      At line 100 in file RTE\Device\LPC1768\startup_LPC17xx.s
      At line 353 in file RTE\Device\LPC1768\startup_LPC17xx.s

BusFault_Handler 000000EA

Symbol: BusFault_Handler
   Definitions
      At line 301 in file RTE\Device\LPC1768\startup_LPC17xx.s
   Uses
      At line 64 in file RTE\Device\LPC1768\startup_LPC17xx.s
      At line 302 in file RTE\Device\LPC1768\startup_LPC17xx.s

CANActivity_IRQHandler 000000F6

Symbol: CANActivity_IRQHandler
   Definitions
      At line 400 in file RTE\Device\LPC1768\startup_LPC17xx.s
   Uses
      At line 111 in file RTE\Device\LPC1768\startup_LPC17xx.s
      At line 364 in file RTE\Device\LPC1768\startup_LPC17xx.s

CAN_IRQHandler 000000F6

Symbol: CAN_IRQHandler
   Definitions
      At line 391 in file RTE\Device\LPC1768\startup_LPC17xx.s
   Uses
      At line 102 in file RTE\Device\LPC1768\startup_LPC17xx.s
      At line 355 in file RTE\Device\LPC1768\startup_LPC17xx.s

DMA_IRQHandler 000000F6

Symbol: DMA_IRQHandler
   Definitions
      At line 392 in file RTE\Device\LPC1768\startup_LPC17xx.s
   Uses



ARM Macro Assembler    Page 2 Alphabetic symbol ordering
Relocatable symbols

      At line 103 in file RTE\Device\LPC1768\startup_LPC17xx.s
      At line 356 in file RTE\Device\LPC1768\startup_LPC17xx.s

DebugMon_Handler 000000F0

Symbol: DebugMon_Handler
   Definitions
      At line 315 in file RTE\Device\LPC1768\startup_LPC17xx.s
   Uses
      At line 71 in file RTE\Device\LPC1768\startup_LPC17xx.s
      At line 316 in file RTE\Device\LPC1768\startup_LPC17xx.s

Default_Handler 000000F6

Symbol: Default_Handler
   Definitions
      At line 328 in file RTE\Device\LPC1768\startup_LPC17xx.s
   Uses
      None
Comment: Default_Handler unused
EINT0_IRQHandler 000000F6

Symbol: EINT0_IRQHandler
   Definitions
      At line 384 in file RTE\Device\LPC1768\startup_LPC17xx.s
   Uses
      At line 95 in file RTE\Device\LPC1768\startup_LPC17xx.s
      At line 348 in file RTE\Device\LPC1768\startup_LPC17xx.s

EINT1_IRQHandler 000000F6

Symbol: EINT1_IRQHandler
   Definitions
      At line 385 in file RTE\Device\LPC1768\startup_LPC17xx.s
   Uses
      At line 96 in file RTE\Device\LPC1768\startup_LPC17xx.s
      At line 349 in file RTE\Device\LPC1768\startup_LPC17xx.s

EINT2_IRQHandler 000000F6

Symbol: EINT2_IRQHandler
   Definitions
      At line 386 in file RTE\Device\LPC1768\startup_LPC17xx.s
   Uses
      At line 97 in file RTE\Device\LPC1768\startup_LPC17xx.s
      At line 350 in file RTE\Device\LPC1768\startup_LPC17xx.s

EINT3_IRQHandler 000000F6

Symbol: EINT3_IRQHandler
   Definitions
      At line 387 in file RTE\Device\LPC1768\startup_LPC17xx.s
   Uses
      At line 98 in file RTE\Device\LPC1768\startup_LPC17xx.s
      At line 351 in file RTE\Device\LPC1768\startup_LPC17xx.s

ENET_IRQHandler 000000F6

Symbol: ENET_IRQHandler



ARM Macro Assembler    Page 3 Alphabetic symbol ordering
Relocatable symbols

   Definitions
      At line 394 in file RTE\Device\LPC1768\startup_LPC17xx.s
   Uses
      At line 105 in file RTE\Device\LPC1768\startup_LPC17xx.s
      At line 358 in file RTE\Device\LPC1768\startup_LPC17xx.s

HardFault_Handler 000000E6

Symbol: HardFault_Handler
   Definitions
      At line 291 in file RTE\Device\LPC1768\startup_LPC17xx.s
   Uses
      At line 62 in file RTE\Device\LPC1768\startup_LPC17xx.s
      At line 292 in file RTE\Device\LPC1768\startup_LPC17xx.s

I2C0_IRQHandler 000000F6

Symbol: I2C0_IRQHandler
   Definitions
      At line 376 in file RTE\Device\LPC1768\startup_LPC17xx.s
   Uses
      At line 87 in file RTE\Device\LPC1768\startup_LPC17xx.s
      At line 340 in file RTE\Device\LPC1768\startup_LPC17xx.s

I2C1_IRQHandler 000000F6

Symbol: I2C1_IRQHandler
   Definitions
      At line 377 in file RTE\Device\LPC1768\startup_LPC17xx.s
   Uses
      At line 88 in file RTE\Device\LPC1768\startup_LPC17xx.s
      At line 341 in file RTE\Device\LPC1768\startup_LPC17xx.s

I2C2_IRQHandler 000000F6

Symbol: I2C2_IRQHandler
   Definitions
      At line 378 in file RTE\Device\LPC1768\startup_LPC17xx.s
   Uses
      At line 89 in file RTE\Device\LPC1768\startup_LPC17xx.s
      At line 342 in file RTE\Device\LPC1768\startup_LPC17xx.s

I2S_IRQHandler 000000F6

Symbol: I2S_IRQHandler
   Definitions
      At line 393 in file RTE\Device\LPC1768\startup_LPC17xx.s
   Uses
      At line 104 in file RTE\Device\LPC1768\startup_LPC17xx.s
      At line 357 in file RTE\Device\LPC1768\startup_LPC17xx.s

MCPWM_IRQHandler 000000F6

Symbol: MCPWM_IRQHandler
   Definitions
      At line 396 in file RTE\Device\LPC1768\startup_LPC17xx.s
   Uses
      At line 107 in file RTE\Device\LPC1768\startup_LPC17xx.s
      At line 360 in file RTE\Device\LPC1768\startup_LPC17xx.s



ARM Macro Assembler    Page 4 Alphabetic symbol ordering
Relocatable symbols


MemManage_Handler 000000E8

Symbol: MemManage_Handler
   Definitions
      At line 296 in file RTE\Device\LPC1768\startup_LPC17xx.s
   Uses
      At line 63 in file RTE\Device\LPC1768\startup_LPC17xx.s
      At line 297 in file RTE\Device\LPC1768\startup_LPC17xx.s

NMI_Handler 000000E4

Symbol: NMI_Handler
   Definitions
      At line 286 in file RTE\Device\LPC1768\startup_LPC17xx.s
   Uses
      At line 61 in file RTE\Device\LPC1768\startup_LPC17xx.s
      At line 287 in file RTE\Device\LPC1768\startup_LPC17xx.s

PLL0_IRQHandler 000000F6

Symbol: PLL0_IRQHandler
   Definitions
      At line 382 in file RTE\Device\LPC1768\startup_LPC17xx.s
   Uses
      At line 93 in file RTE\Device\LPC1768\startup_LPC17xx.s
      At line 346 in file RTE\Device\LPC1768\startup_LPC17xx.s

PLL1_IRQHandler 000000F6

Symbol: PLL1_IRQHandler
   Definitions
      At line 398 in file RTE\Device\LPC1768\startup_LPC17xx.s
   Uses
      At line 109 in file RTE\Device\LPC1768\startup_LPC17xx.s
      At line 362 in file RTE\Device\LPC1768\startup_LPC17xx.s

PWM1_IRQHandler 000000F6

Symbol: PWM1_IRQHandler
   Definitions
      At line 375 in file RTE\Device\LPC1768\startup_LPC17xx.s
   Uses
      At line 86 in file RTE\Device\LPC1768\startup_LPC17xx.s
      At line 339 in file RTE\Device\LPC1768\startup_LPC17xx.s

PendSV_Handler 000000F2

Symbol: PendSV_Handler
   Definitions
      At line 319 in file RTE\Device\LPC1768\startup_LPC17xx.s
   Uses
      At line 73 in file RTE\Device\LPC1768\startup_LPC17xx.s
      At line 320 in file RTE\Device\LPC1768\startup_LPC17xx.s

QEI_IRQHandler 000000F6

Symbol: QEI_IRQHandler
   Definitions



ARM Macro Assembler    Page 5 Alphabetic symbol ordering
Relocatable symbols

      At line 397 in file RTE\Device\LPC1768\startup_LPC17xx.s
   Uses
      At line 108 in file RTE\Device\LPC1768\startup_LPC17xx.s
      At line 361 in file RTE\Device\LPC1768\startup_LPC17xx.s

RIT_IRQHandler 000000F6

Symbol: RIT_IRQHandler
   Definitions
      At line 395 in file RTE\Device\LPC1768\startup_LPC17xx.s
   Uses
      At line 106 in file RTE\Device\LPC1768\startup_LPC17xx.s
      At line 359 in file RTE\Device\LPC1768\startup_LPC17xx.s

RTC_IRQHandler 000000F6

Symbol: RTC_IRQHandler
   Definitions
      At line 383 in file RTE\Device\LPC1768\startup_LPC17xx.s
   Uses
      At line 94 in file RTE\Device\LPC1768\startup_LPC17xx.s
      At line 347 in file RTE\Device\LPC1768\startup_LPC17xx.s

Reset_Handler 00000000

Symbol: Reset_Handler
   Definitions
      At line 136 in file RTE\Device\LPC1768\startup_LPC17xx.s
   Uses
      At line 60 in file RTE\Device\LPC1768\startup_LPC17xx.s
      At line 137 in file RTE\Device\LPC1768\startup_LPC17xx.s

SPI_IRQHandler 000000F6

Symbol: SPI_IRQHandler
   Definitions
      At line 379 in file RTE\Device\LPC1768\startup_LPC17xx.s
   Uses
      At line 90 in file RTE\Device\LPC1768\startup_LPC17xx.s
      At line 343 in file RTE\Device\LPC1768\startup_LPC17xx.s

SSP0_IRQHandler 000000F6

Symbol: SSP0_IRQHandler
   Definitions
      At line 380 in file RTE\Device\LPC1768\startup_LPC17xx.s
   Uses
      At line 91 in file RTE\Device\LPC1768\startup_LPC17xx.s
      At line 344 in file RTE\Device\LPC1768\startup_LPC17xx.s

SSP1_IRQHandler 000000F6

Symbol: SSP1_IRQHandler
   Definitions
      At line 381 in file RTE\Device\LPC1768\startup_LPC17xx.s
   Uses
      At line 92 in file RTE\Device\LPC1768\startup_LPC17xx.s
      At line 345 in file RTE\Device\LPC1768\startup_LPC17xx.s




ARM Macro Assembler    Page 6 Alphabetic symbol ordering
Relocatable symbols

SVC_Handler 000000EE

Symbol: SVC_Handler
   Definitions
      At line 310 in file RTE\Device\LPC1768\startup_LPC17xx.s
   Uses
      At line 70 in file RTE\Device\LPC1768\startup_LPC17xx.s
      At line 311 in file RTE\Device\LPC1768\startup_LPC17xx.s

SysTick_Handler 000000F4

Symbol: SysTick_Handler
   Definitions
      At line 323 in file RTE\Device\LPC1768\startup_LPC17xx.s
   Uses
      At line 74 in file RTE\Device\LPC1768\startup_LPC17xx.s
      At line 324 in file RTE\Device\LPC1768\startup_LPC17xx.s

TIMER0_IRQHandler 000000F6

Symbol: TIMER0_IRQHandler
   Definitions
      At line 367 in file RTE\Device\LPC1768\startup_LPC17xx.s
   Uses
      At line 78 in file RTE\Device\LPC1768\startup_LPC17xx.s
      At line 331 in file RTE\Device\LPC1768\startup_LPC17xx.s

TIMER1_IRQHandler 000000F6

Symbol: TIMER1_IRQHandler
   Definitions
      At line 368 in file RTE\Device\LPC1768\startup_LPC17xx.s
   Uses
      At line 79 in file RTE\Device\LPC1768\startup_LPC17xx.s
      At line 332 in file RTE\Device\LPC1768\startup_LPC17xx.s

TIMER2_IRQHandler 000000F6

Symbol: TIMER2_IRQHandler
   Definitions
      At line 369 in file RTE\Device\LPC1768\startup_LPC17xx.s
   Uses
      At line 80 in file RTE\Device\LPC1768\startup_LPC17xx.s
      At line 333 in file RTE\Device\LPC1768\startup_LPC17xx.s

TIMER3_IRQHandler 000000F6

Symbol: TIMER3_IRQHandler
   Definitions
      At line 370 in file RTE\Device\LPC1768\startup_LPC17xx.s
   Uses
      At line 81 in file RTE\Device\LPC1768\startup_LPC17xx.s
      At line 334 in file RTE\Device\LPC1768\startup_LPC17xx.s

UART0_IRQHandler 000000F6

Symbol: UART0_IRQHandler
   Definitions
      At line 371 in file RTE\Device\LPC1768\startup_LPC17xx.s



ARM Macro Assembler    Page 7 Alphabetic symbol ordering
Relocatable symbols

   Uses
      At line 82 in file RTE\Device\LPC1768\startup_LPC17xx.s
      At line 335 in file RTE\Device\LPC1768\startup_LPC17xx.s

UART1_IRQHandler 000000F6

Symbol: UART1_IRQHandler
   Definitions
      At line 372 in file RTE\Device\LPC1768\startup_LPC17xx.s
   Uses
      At line 83 in file RTE\Device\LPC1768\startup_LPC17xx.s
      At line 336 in file RTE\Device\LPC1768\startup_LPC17xx.s

UART2_IRQHandler 000000F6

Symbol: UART2_IRQHandler
   Definitions
      At line 373 in file RTE\Device\LPC1768\startup_LPC17xx.s
   Uses
      At line 84 in file RTE\Device\LPC1768\startup_LPC17xx.s
      At line 337 in file RTE\Device\LPC1768\startup_LPC17xx.s

UART3_IRQHandler 000000F6

Symbol: UART3_IRQHandler
   Definitions
      At line 374 in file RTE\Device\LPC1768\startup_LPC17xx.s
   Uses
      At line 85 in file RTE\Device\LPC1768\startup_LPC17xx.s
      At line 338 in file RTE\Device\LPC1768\startup_LPC17xx.s

USBActivity_IRQHandler 000000F6

Symbol: USBActivity_IRQHandler
   Definitions
      At line 399 in file RTE\Device\LPC1768\startup_LPC17xx.s
   Uses
      At line 110 in file RTE\Device\LPC1768\startup_LPC17xx.s
      At line 363 in file RTE\Device\LPC1768\startup_LPC17xx.s

USB_IRQHandler 000000F6

Symbol: USB_IRQHandler
   Definitions
      At line 390 in file RTE\Device\LPC1768\startup_LPC17xx.s
   Uses
      At line 101 in file RTE\Device\LPC1768\startup_LPC17xx.s
      At line 354 in file RTE\Device\LPC1768\startup_LPC17xx.s

UsageFault_Handler 000000EC

Symbol: UsageFault_Handler
   Definitions
      At line 306 in file RTE\Device\LPC1768\startup_LPC17xx.s
   Uses
      At line 65 in file RTE\Device\LPC1768\startup_LPC17xx.s
      At line 307 in file RTE\Device\LPC1768\startup_LPC17xx.s

WDT_IRQHandler 000000F6



ARM Macro Assembler    Page 8 Alphabetic symbol ordering
Relocatable symbols


Symbol: WDT_IRQHandler
   Definitions
      At line 366 in file RTE\Device\LPC1768\startup_LPC17xx.s
   Uses
      At line 77 in file RTE\Device\LPC1768\startup_LPC17xx.s
      At line 330 in file RTE\Device\LPC1768\startup_LPC17xx.s

__user_initial_stackheap 000000F8

Symbol: __user_initial_stackheap
   Definitions
      At line 422 in file RTE\Device\LPC1768\startup_LPC17xx.s
   Uses
      At line 421 in file RTE\Device\LPC1768\startup_LPC17xx.s
Comment: __user_initial_stackheap used once
areequal 0000003E

Symbol: areequal
   Definitions
      At line 172 in file RTE\Device\LPC1768\startup_LPC17xx.s
   Uses
      At line 170 in file RTE\Device\LPC1768\startup_LPC17xx.s
Comment: areequal used once
bothnoteven 00000074

Symbol: bothnoteven
   Definitions
      At line 200 in file RTE\Device\LPC1768\startup_LPC17xx.s
   Uses
      At line 195 in file RTE\Device\LPC1768\startup_LPC17xx.s
      At line 197 in file RTE\Device\LPC1768\startup_LPC17xx.s

coprim 000000A8

Symbol: coprim
   Definitions
      At line 234 in file RTE\Device\LPC1768\startup_LPC17xx.s
   Uses
      None
Comment: coprim unused
coprime 0000005E

Symbol: coprime
   Definitions
      At line 189 in file RTE\Device\LPC1768\startup_LPC17xx.s
   Uses
      At line 139 in file RTE\Device\LPC1768\startup_LPC17xx.s
      At line 148 in file RTE\Device\LPC1768\startup_LPC17xx.s

endcoprim 000000E0

Symbol: endcoprim
   Definitions
      At line 279 in file RTE\Device\LPC1768\startup_LPC17xx.s
   Uses
      At line 277 in file RTE\Device\LPC1768\startup_LPC17xx.s
Comment: endcoprim used once
iscoprim 000000DC



ARM Macro Assembler    Page 9 Alphabetic symbol ordering
Relocatable symbols


Symbol: iscoprim
   Definitions
      At line 278 in file RTE\Device\LPC1768\startup_LPC17xx.s
   Uses
      At line 274 in file RTE\Device\LPC1768\startup_LPC17xx.s
Comment: iscoprim used once
loop1 0000002A

Symbol: loop1
   Definitions
      At line 164 in file RTE\Device\LPC1768\startup_LPC17xx.s
   Uses
      At line 181 in file RTE\Device\LPC1768\startup_LPC17xx.s
Comment: loop1 used once
loop_ueven 00000074

Symbol: loop_ueven
   Definitions
      At line 202 in file RTE\Device\LPC1768\startup_LPC17xx.s
   Uses
      At line 206 in file RTE\Device\LPC1768\startup_LPC17xx.s
Comment: loop_ueven used once
loop_vdevide 00000080

Symbol: loop_vdevide
   Definitions
      At line 209 in file RTE\Device\LPC1768\startup_LPC17xx.s
   Uses
      At line 204 in file RTE\Device\LPC1768\startup_LPC17xx.s
      At line 213 in file RTE\Device\LPC1768\startup_LPC17xx.s
      At line 222 in file RTE\Device\LPC1768\startup_LPC17xx.s

notcoprim 000000D6

Symbol: notcoprim
   Definitions
      At line 276 in file RTE\Device\LPC1768\startup_LPC17xx.s
   Uses
      At line 261 in file RTE\Device\LPC1768\startup_LPC17xx.s
      At line 263 in file RTE\Device\LPC1768\startup_LPC17xx.s

notequal 0000004C

Symbol: notequal
   Definitions
      At line 179 in file RTE\Device\LPC1768\startup_LPC17xx.s
   Uses
      At line 171 in file RTE\Device\LPC1768\startup_LPC17xx.s
Comment: notequal used once
notmjulti 0000004C

Symbol: notmjulti
   Definitions
      At line 178 in file RTE\Device\LPC1768\startup_LPC17xx.s
   Uses
      At line 175 in file RTE\Device\LPC1768\startup_LPC17xx.s
Comment: notmjulti used once
radical 0000001E



ARM Macro Assembler    Page 10 Alphabetic symbol ordering
Relocatable symbols


Symbol: radical
   Definitions
      At line 160 in file RTE\Device\LPC1768\startup_LPC17xx.s
   Uses
      At line 138 in file RTE\Device\LPC1768\startup_LPC17xx.s
      At line 143 in file RTE\Device\LPC1768\startup_LPC17xx.s
      At line 238 in file RTE\Device\LPC1768\startup_LPC17xx.s
      At line 242 in file RTE\Device\LPC1768\startup_LPC17xx.s

stop 0000001C

Symbol: stop
   Definitions
      At line 157 in file RTE\Device\LPC1768\startup_LPC17xx.s
   Uses
      At line 157 in file RTE\Device\LPC1768\startup_LPC17xx.s
Comment: stop used once
u_isodd 0000009C

Symbol: u_isodd
   Definitions
      At line 225 in file RTE\Device\LPC1768\startup_LPC17xx.s
   Uses
      At line 199 in file RTE\Device\LPC1768\startup_LPC17xx.s
Comment: u_isodd used once
v_isodd 0000008C

Symbol: v_isodd
   Definitions
      At line 214 in file RTE\Device\LPC1768\startup_LPC17xx.s
   Uses
      At line 211 in file RTE\Device\LPC1768\startup_LPC17xx.s
Comment: v_isodd used once
64 symbols



ARM Macro Assembler    Page 1 Alphabetic symbol ordering
Absolute symbols

Heap_Size 00000000

Symbol: Heap_Size
   Definitions
      At line 42 in file RTE\Device\LPC1768\startup_LPC17xx.s
   Uses
      At line 46 in file RTE\Device\LPC1768\startup_LPC17xx.s
      At line 426 in file RTE\Device\LPC1768\startup_LPC17xx.s

Stack_Size 00000200

Symbol: Stack_Size
   Definitions
      At line 31 in file RTE\Device\LPC1768\startup_LPC17xx.s
   Uses
      At line 34 in file RTE\Device\LPC1768\startup_LPC17xx.s
      At line 425 in file RTE\Device\LPC1768\startup_LPC17xx.s

2 symbols



ARM Macro Assembler    Page 1 Alphabetic symbol ordering
External symbols

SystemInit 00000000

Symbol: SystemInit
   Definitions
      At line 151 in file RTE\Device\LPC1768\startup_LPC17xx.s
   Uses
      At line 153 in file RTE\Device\LPC1768\startup_LPC17xx.s
Comment: SystemInit used once
__main 00000000

Symbol: __main
   Definitions
      At line 152 in file RTE\Device\LPC1768\startup_LPC17xx.s
   Uses
      At line 155 in file RTE\Device\LPC1768\startup_LPC17xx.s
Comment: __main used once
__use_two_region_memory 00000000

Symbol: __use_two_region_memory
   Definitions
      At line 420 in file RTE\Device\LPC1768\startup_LPC17xx.s
   Uses
      None
Comment: __use_two_region_memory unused
3 symbols
431 symbols in table
