


ARM Macro Assembler    Page 1 


    1 00000000         ;/******************************************************
                       ********************//**
    2 00000000         ; * @file     startup_LPC17xx.s
    3 00000000         ; * @brief    CMSIS Cortex-M3 Core Device Startup File f
                       or
    4 00000000         ; *           NXP LPC17xx Device Series
    5 00000000         ; * @version  V1.10
    6 00000000         ; * @date     06. April 2011
    7 00000000         ; *
    8 00000000         ; * @note
    9 00000000         ; * Copyright (C) 2009-2011 ARM Limited. All rights rese
                       rved.
   10 00000000         ; *
   11 00000000         ; * @par
   12 00000000         ; * ARM Limited (ARM) is supplying this software for use
                        with Cortex-M
   13 00000000         ; * processor based microcontrollers.  This file can be 
                       freely distributed
   14 00000000         ; * within development tools that are supporting such AR
                       M based processors.
   15 00000000         ; *
   16 00000000         ; * @par
   17 00000000         ; * THIS SOFTWARE IS PROVIDED "AS IS".  NO WARRANTIES, W
                       HETHER EXPRESS, IMPLIED
   18 00000000         ; * OR STATUTORY, INCLUDING, BUT NOT LIMITED TO, IMPLIED
                        WARRANTIES OF
   19 00000000         ; * MERCHANTABILITY AND FITNESS FOR A PARTICULAR PURPOSE
                        APPLY TO THIS SOFTWARE.
   20 00000000         ; * ARM SHALL NOT, IN ANY CIRCUMSTANCES, BE LIABLE FOR S
                       PECIAL, INCIDENTAL, OR
   21 00000000         ; * CONSEQUENTIAL DAMAGES, FOR ANY REASON WHATSOEVER.
   22 00000000         ; *
   23 00000000         ; ******************************************************
                       ************************/
   24 00000000         
   25 00000000         ; *------- <<< Use Configuration Wizard in Context Menu 
                       >>> ------------------
   26 00000000         
   27 00000000         ; <h> Stack Configuration
   28 00000000         ;   <o> Stack Size (in Bytes) <0x0-0xFFFFFFFF:8>
   29 00000000         ; </h>
   30 00000000         
   31 00000000 00000200 
                       Stack_Size
                               EQU              0x00000200
   32 00000000         
   33 00000000                 AREA             STACK, NOINIT, READWRITE, ALIGN
=3
   34 00000000         Stack_Mem
                               SPACE            Stack_Size
   35 00000200         __initial_sp
   36 00000200         
   37 00000200         
   38 00000200         ; <h> Heap Configuration
   39 00000200         ;   <o>  Heap Size (in Bytes) <0x0-0xFFFFFFFF:8>
   40 00000200         ; </h>
   41 00000200 0000001E 
                       n       EQU              0x0000001e
   42 00000200 00000004 



ARM Macro Assembler    Page 2 


                       m       EQU              0x00000004
   43 00000200 00000004 
                       wordsize
                               EQU              0x00000004
   44 00000200 00000000 
                       Heap_Size
                               EQU              0x00000000
   45 00000200         
   46 00000200                 AREA             HEAP, NOINIT, READWRITE, ALIGN=
3
   47 00000000         __heap_base
   48 00000000         Heap_Mem
                               SPACE            Heap_Size
   49 00000000         __heap_limit
   50 00000000         
   51 00000000         
   52 00000000                 PRESERVE8
   53 00000000                 THUMB
   54 00000000         
   55 00000000         
   56 00000000         ; Vector Table Mapped to Address 0 at Reset
   57 00000000         
   58 00000000                 AREA             RESET, DATA, READONLY
   59 00000000                 EXPORT           __Vectors
   60 00000000         
   61 00000000 00000000 
                       __Vectors
                               DCD              __initial_sp ; Top of Stack
   62 00000004 00000000        DCD              Reset_Handler ; Reset Handler
   63 00000008 00000000        DCD              NMI_Handler ; NMI Handler
   64 0000000C 00000000        DCD              HardFault_Handler ; Hard Fault 
                                                            Handler
   65 00000010 00000000        DCD              MemManage_Handler 
                                                            ; MPU Fault Handler
                                                            
   66 00000014 00000000        DCD              BusFault_Handler 
                                                            ; Bus Fault Handler
                                                            
   67 00000018 00000000        DCD              UsageFault_Handler ; Usage Faul
                                                            t Handler
   68 0000001C 00000000        DCD              0           ; Reserved
   69 00000020 00000000        DCD              0           ; Reserved
   70 00000024 00000000        DCD              0           ; Reserved
   71 00000028 00000000        DCD              0           ; Reserved
   72 0000002C 00000000        DCD              SVC_Handler ; SVCall Handler
   73 00000030 00000000        DCD              DebugMon_Handler ; Debug Monito
                                                            r Handler
   74 00000034 00000000        DCD              0           ; Reserved
   75 00000038 00000000        DCD              PendSV_Handler ; PendSV Handler
                                                            
   76 0000003C 00000000        DCD              SysTick_Handler 
                                                            ; SysTick Handler
   77 00000040         
   78 00000040         ; External Interrupts
   79 00000040 00000000        DCD              WDT_IRQHandler ; 16: Watchdog T
                                                            imer
   80 00000044 00000000        DCD              TIMER0_IRQHandler ; 17: Timer0
   81 00000048 00000000        DCD              TIMER1_IRQHandler ; 18: Timer1
   82 0000004C 00000000        DCD              TIMER2_IRQHandler ; 19: Timer2



ARM Macro Assembler    Page 3 


   83 00000050 00000000        DCD              TIMER3_IRQHandler ; 20: Timer3
   84 00000054 00000000        DCD              UART0_IRQHandler ; 21: UART0
   85 00000058 00000000        DCD              UART1_IRQHandler ; 22: UART1
   86 0000005C 00000000        DCD              UART2_IRQHandler ; 23: UART2
   87 00000060 00000000        DCD              UART3_IRQHandler ; 24: UART3
   88 00000064 00000000        DCD              PWM1_IRQHandler ; 25: PWM1
   89 00000068 00000000        DCD              I2C0_IRQHandler ; 26: I2C0
   90 0000006C 00000000        DCD              I2C1_IRQHandler ; 27: I2C1
   91 00000070 00000000        DCD              I2C2_IRQHandler ; 28: I2C2
   92 00000074 00000000        DCD              SPI_IRQHandler ; 29: SPI
   93 00000078 00000000        DCD              SSP0_IRQHandler ; 30: SSP0
   94 0000007C 00000000        DCD              SSP1_IRQHandler ; 31: SSP1
   95 00000080 00000000        DCD              PLL0_IRQHandler ; 32: PLL0 Lock
                                                             (Main PLL)
   96 00000084 00000000        DCD              RTC_IRQHandler ; 33: Real Time 
                                                            Clock
   97 00000088 00000000        DCD              EINT0_IRQHandler ; 34: External
                                                             Interrupt 0
   98 0000008C 00000000        DCD              EINT1_IRQHandler ; 35: External
                                                             Interrupt 1
   99 00000090 00000000        DCD              EINT2_IRQHandler ; 36: External
                                                             Interrupt 2
  100 00000094 00000000        DCD              EINT3_IRQHandler ; 37: External
                                                             Interrupt 3
  101 00000098 00000000        DCD              ADC_IRQHandler 
                                                            ; 38: A/D Converter
                                                            
  102 0000009C 00000000        DCD              BOD_IRQHandler ; 39: Brown-Out 
                                                            Detect
  103 000000A0 00000000        DCD              USB_IRQHandler ; 40: USB
  104 000000A4 00000000        DCD              CAN_IRQHandler ; 41: CAN
  105 000000A8 00000000        DCD              DMA_IRQHandler ; 42: General Pu
                                                            rpose DMA
  106 000000AC 00000000        DCD              I2S_IRQHandler ; 43: I2S
  107 000000B0 00000000        DCD              ENET_IRQHandler ; 44: Ethernet
  108 000000B4 00000000        DCD              RIT_IRQHandler ; 45: Repetitive
                                                             Interrupt Timer
  109 000000B8 00000000        DCD              MCPWM_IRQHandler ; 46: Motor Co
                                                            ntrol PWM
  110 000000BC 00000000        DCD              QEI_IRQHandler ; 47: Quadrature
                                                             Encoder Interface
  111 000000C0 00000000        DCD              PLL1_IRQHandler ; 48: PLL1 Lock
                                                             (USB PLL)
  112 000000C4 00000000        DCD              USBActivity_IRQHandler ; 49: US
                                                            B Activity interrup
                                                            t to wakeup
  113 000000C8 00000000        DCD              CANActivity_IRQHandler ; 50: CA
                                                            N Activity interrup
                                                            t to wakeup
  114 000000CC         
  115 000000CC         
  116 000000CC                 IF               :LNOT::DEF:NO_CRP
  117 000000CC                 AREA             |.ARM.__at_0x02FC|, CODE, READO
NLY
  118 00000000 FFFFFFFF 
                       CRP_Key DCD              0xFFFFFFFF
  119 00000004                 ENDIF
  120 00000004         
  121 00000004                 AREA             inputData, DATA, READONLY



ARM Macro Assembler    Page 4 


  122 00000000 00000004 
              00000014 
              00000006 
              0000000F 
              00000007 
              0000000A 
              0000000A 
              00000005 
              00000010 
              00000008 Price_list
                               DCD              0x004, 20, 0x006, 15, 0x007, 10
, 0x00A, 5, 0x010, 8
  123 00000028 00000012 
              00000007 
              00000016 
              00000016 
              00000017 
              00000011 
              00000018 
              00000026 
              0000001A 
              00000016         DCD              0x012, 7, 0x016, 22, 0x017, 17,
 0x018, 38, 0x01A, 22
  124 00000050 0000001B 
              00000022 
              0000001E 
              0000000B 
              00000022 
              00000003 
              00000023 
              00000009 
              00000025 
              00000028         DCD              0x01B, 34, 0x01E, 11, 0x022, 3,
 0x023, 9, 0x025, 40
  125 00000078 00000027 
              0000000C 
              00000028 
              0000000B 
              0000002C 
              0000002D 
              0000002D 
              0000000A 
              00000031 
              00000028         DCD              0x027, 12, 0x028, 11, 0x02C, 45
, 0x02D, 10, 0x031, 40
  126 000000A0 00000033 
              0000002D 
              00000035 
              00000009 
              00000036 
              0000000B 
              00000039 
              0000000C 
              0000003C 
              00000013         DCD              0x033, 45, 0x035, 9, 0x036, 11,
 0x039, 12, 0x03C, 19
  127 000000C8 0000003E 
              00000001 
              00000041 



ARM Macro Assembler    Page 5 


              00000014 
              00000042 
              0000001E 
              00000045 
              0000000C 
              00000047 
              00000007         DCD              0x03E, 1, 0x041, 20, 0x042, 30,
 0x045, 12, 0x047, 7
  128 000000F0         
  129 000000F0 00000022 
              00000004 
              00000006 
              00000001 
              0000003E 
              0000000A 
              00000017 
              00000002 Item_list
                               DCD              0x022, 4, 0x006, 1, 0x03E, 10, 
0x017, 2 
                                                            ; total cost is 71 
                                                            (0x47)
  130 00000110         
  131 00000110         
  132 00000110                 AREA             |.text|, CODE, READONLY
  133 00000000         
  134 00000000         
  135 00000000         ; Reset Handler
  136 00000000         
  137 00000000         Reset_Handler
                               PROC
  138 00000000                 EXPORT           Reset_Handler             [WEAK
]
  139 00000000         
  140 00000000         
  141 00000000         ; remove comments to solve item 3
  142 00000000         ;IMPORT  SystemInit
  143 00000000         ;IMPORT  __main
  144 00000000         ;LDR     R0, =SystemInit
  145 00000000         ;BLX     R0
  146 00000000         ;LDR     R0, =__main
  147 00000000         ;BX      R0
  148 00000000         
  149 00000000         ; item 1
  150 00000000 483A            LDR              r0, =Price_list
  151 00000002 493B            LDR              r1, =Item_list
  152 00000004 F7FF FFFE       BL               sequentialSearch
  153 00000008         
  154 00000008         ; remove comments to solve item 2
  155 00000008 4838            LDR              r0, =Price_list
  156 0000000A 4939            LDR              r1, =Item_list
  157 0000000C F7FF FFFE       BL               binarySearch
  158 00000010         
  159 00000010         
  160 00000010         
  161 00000010         
  162 00000010 E7FE    stop    B                stop
  163 00000012         
  164 00000012         
  165 00000012                 ENDP



ARM Macro Assembler    Page 6 


  166 00000012         sequentialSearch
                               PROC
  167 00000012 E92D 5FF0       push             {r4-r12,lr}
  168 00000016         
  169 00000016 F04F 0A00       mov              r10,#0      ;counter
  170 0000001A F04F 0B00       mov              r11,#0      ;counter
  171 0000001E F04F 0800       mov              r8,#0
  172 00000022 F04F 0900 
                       sumloop mov              r9,#0
  173 00000026         looplbl
  174 00000026         
  175 00000026         
  176 00000026 F851 5008       ldr              r5,[r1,r8]  ;Item_list
  177 0000002A         looplbl2
  178 0000002A F850 6009       ldr              r6,[r0,r9]  ;Price_list
  179 0000002E F109 0908       add              r9,#8
  180 00000032 F10B 0B01       add              r11,#1
  181 00000036 F1BB 0F1E       cmp              r11,#n
  182 0000003A D01B            beq              finishloop
  183 0000003C 42B5            cmp              r5,r6
  184 0000003E D1F4            bne              looplbl2
  185 00000040 E003            b                founditem
  186 00000042 E7F2            b                looplbl2
  187 00000044 F108 0808       add              r8,#8
  188 00000048 E7ED            b                looplbl
  189 0000004A         founditem
  190 0000004A F04F 0B00       mov              r11,#0
  191 0000004E F1A9 0904       sub              r9,#4
  192 00000052 F108 0804       add              r8,#4
  193 00000056 F850 5009       ldr              r5,[r0,r9]
  194 0000005A F851 6008       ldr              r6,[r1,r8]
  195 0000005E F108 0804       add              r8,#4
  196 00000062 FB05 F506       mul              r5,r5,r6
  197 00000066 44AC            add              r12,r5
  198 00000068         
  199 00000068 F10A 0A01       add              r10,#1
  200 0000006C F1BA 0F04       cmp              r10,#m
  201 00000070 F7FF FFD7       bl               sumloop
  202 00000074         finishloop
  203 00000074 4660            mov              r0,r12
  204 00000076 E8BD 9FF0       pop              {r4-r12,pc}
  205 0000007A                 ENDP
  206 0000007A         ;;;;;;;;;;;;;;;;;;;;;;;;;;;;;;;;;;;;;;;;;;;;;;;;;;;;;;;;
                       ;;;;;;;;;;;;;;;;;;
  207 0000007A         binarySearch
                               PROC
  208 0000007A E92D 5FF0       push             {r4-r12,lr}
  209 0000007E F04F 0B00       mov              r11,#0
  210 00000082         
  211 00000082         nextnumber
  212 00000082 F04F 061E       mov              r6,#n
  213 00000086 F1BB 0F00       cmp              r11, #0
  214 0000008A D101            bne              notfirstloop
  215 0000008C EA4F 0646       lsl              r6,#1       ; because we have t
                                                            wo tuple for each c
                                                            ell
  216 00000090         notfirstloop
  217 00000090         looplblb
  218 00000090         



ARM Macro Assembler    Page 7 


  219 00000090 EA4F 0656       lsr              r6,r6,#1
  220 00000094 F04F 0708       mov              r7,#8
  221 00000098 FB06 F607       mul              r6,r7
  222 0000009C 5987            ldr              r7,[r0,r6]  ;Price_list
  223 0000009E F851 800B       ldr              r8,[r1,r11] ;Item_list
  224 000000A2         ;cmp r8, r7
  225 000000A2         
  226 000000A2 45B8            CMP              r8, r7
  227 000000A4         ;ite GT
  228 000000A4         ;ADDGT r6,r6,#8
  229 000000A4         ;SUBLE r6,r6,#8
  230 000000A4 D1F4            bne              looplblb
  231 000000A6         
  232 000000A6 F106 0608       add              r6,#8
  233 000000AA F10B 0B08       add              r11,#8
  234 000000AE 5987            ldr              r7,[r0,r6]
  235 000000B0 F851 800B       ldr              r8,[r1,r11]
  236 000000B4         
  237 000000B4 FB07 F708       mul              r7,r8
  238 000000B8 44BC            add              r12,r7
  239 000000BA         
  240 000000BA F10B 0B08       add              r11,#8
  241 000000BE         
  242 000000BE         
  243 000000BE F1BB 0F04       cmp              r11,m
  244 000000C2 D1DE            bne              nextnumber
  245 000000C4 4660            mov              r0,r12
  246 000000C6 E8BD 9FF0       pop              {r4-r12,pc}
  247 000000CA                 ENDP
  248 000000CA         
  249 000000CA         ; Dummy Exception Handlers (infinite loops which can be 
                       modified)
  250 000000CA         
  251 000000CA         NMI_Handler
                               PROC
  252 000000CA                 EXPORT           NMI_Handler               [WEAK
]
  253 000000CA E7FE            B                .
  254 000000CC                 ENDP
  256 000000CC         HardFault_Handler
                               PROC
  257 000000CC                 EXPORT           HardFault_Handler         [WEAK
]
  258 000000CC E7FE            B                .
  259 000000CE                 ENDP
  261 000000CE         MemManage_Handler
                               PROC
  262 000000CE                 EXPORT           MemManage_Handler         [WEAK
]
  263 000000CE E7FE            B                .
  264 000000D0                 ENDP
  266 000000D0         BusFault_Handler
                               PROC
  267 000000D0                 EXPORT           BusFault_Handler          [WEAK
]
  268 000000D0 E7FE            B                .
  269 000000D2                 ENDP
  271 000000D2         UsageFault_Handler
                               PROC



ARM Macro Assembler    Page 8 


  272 000000D2                 EXPORT           UsageFault_Handler        [WEAK
]
  273 000000D2 E7FE            B                .
  274 000000D4                 ENDP
  275 000000D4         SVC_Handler
                               PROC
  276 000000D4                 EXPORT           SVC_Handler               [WEAK
]
  277 000000D4 E7FE            B                .
  278 000000D6                 ENDP
  280 000000D6         DebugMon_Handler
                               PROC
  281 000000D6                 EXPORT           DebugMon_Handler          [WEAK
]
  282 000000D6 E7FE            B                .
  283 000000D8                 ENDP
  284 000000D8         PendSV_Handler
                               PROC
  285 000000D8                 EXPORT           PendSV_Handler            [WEAK
]
  286 000000D8 E7FE            B                .
  287 000000DA                 ENDP
  288 000000DA         SysTick_Handler
                               PROC
  289 000000DA                 EXPORT           SysTick_Handler           [WEAK
]
  290 000000DA E7FE            B                .
  291 000000DC                 ENDP
  292 000000DC         
  293 000000DC         Default_Handler
                               PROC
  294 000000DC         
  295 000000DC                 EXPORT           WDT_IRQHandler            [WEAK
]
  296 000000DC                 EXPORT           TIMER0_IRQHandler         [WEAK
]
  297 000000DC                 EXPORT           TIMER1_IRQHandler         [WEAK
]
  298 000000DC                 EXPORT           TIMER2_IRQHandler         [WEAK
]
  299 000000DC                 EXPORT           TIMER3_IRQHandler         [WEAK
]
  300 000000DC                 EXPORT           UART0_IRQHandler          [WEAK
]
  301 000000DC                 EXPORT           UART1_IRQHandler          [WEAK
]
  302 000000DC                 EXPORT           UART2_IRQHandler          [WEAK
]
  303 000000DC                 EXPORT           UART3_IRQHandler          [WEAK
]
  304 000000DC                 EXPORT           PWM1_IRQHandler           [WEAK
]
  305 000000DC                 EXPORT           I2C0_IRQHandler           [WEAK
]
  306 000000DC                 EXPORT           I2C1_IRQHandler           [WEAK
]
  307 000000DC                 EXPORT           I2C2_IRQHandler           [WEAK
]
  308 000000DC                 EXPORT           SPI_IRQHandler            [WEAK



ARM Macro Assembler    Page 9 


]
  309 000000DC                 EXPORT           SSP0_IRQHandler           [WEAK
]
  310 000000DC                 EXPORT           SSP1_IRQHandler           [WEAK
]
  311 000000DC                 EXPORT           PLL0_IRQHandler           [WEAK
]
  312 000000DC                 EXPORT           RTC_IRQHandler            [WEAK
]
  313 000000DC                 EXPORT           EINT0_IRQHandler          [WEAK
]
  314 000000DC                 EXPORT           EINT1_IRQHandler          [WEAK
]
  315 000000DC                 EXPORT           EINT2_IRQHandler          [WEAK
]
  316 000000DC                 EXPORT           EINT3_IRQHandler          [WEAK
]
  317 000000DC                 EXPORT           ADC_IRQHandler            [WEAK
]
  318 000000DC                 EXPORT           BOD_IRQHandler            [WEAK
]
  319 000000DC                 EXPORT           USB_IRQHandler            [WEAK
]
  320 000000DC                 EXPORT           CAN_IRQHandler            [WEAK
]
  321 000000DC                 EXPORT           DMA_IRQHandler            [WEAK
]
  322 000000DC                 EXPORT           I2S_IRQHandler            [WEAK
]
  323 000000DC                 EXPORT           ENET_IRQHandler           [WEAK
]
  324 000000DC                 EXPORT           RIT_IRQHandler            [WEAK
]
  325 000000DC                 EXPORT           MCPWM_IRQHandler          [WEAK
]
  326 000000DC                 EXPORT           QEI_IRQHandler            [WEAK
]
  327 000000DC                 EXPORT           PLL1_IRQHandler           [WEAK
]
  328 000000DC                 EXPORT           USBActivity_IRQHandler    [WEAK
]
  329 000000DC                 EXPORT           CANActivity_IRQHandler    [WEAK
]
  330 000000DC         
  331 000000DC         WDT_IRQHandler
  332 000000DC         TIMER0_IRQHandler
  333 000000DC         TIMER1_IRQHandler
  334 000000DC         TIMER2_IRQHandler
  335 000000DC         TIMER3_IRQHandler
  336 000000DC         UART0_IRQHandler
  337 000000DC         UART1_IRQHandler
  338 000000DC         UART2_IRQHandler
  339 000000DC         UART3_IRQHandler
  340 000000DC         PWM1_IRQHandler
  341 000000DC         I2C0_IRQHandler
  342 000000DC         I2C1_IRQHandler
  343 000000DC         I2C2_IRQHandler
  344 000000DC         SPI_IRQHandler
  345 000000DC         SSP0_IRQHandler



ARM Macro Assembler    Page 10 


  346 000000DC         SSP1_IRQHandler
  347 000000DC         PLL0_IRQHandler
  348 000000DC         RTC_IRQHandler
  349 000000DC         EINT0_IRQHandler
  350 000000DC         EINT1_IRQHandler
  351 000000DC         EINT2_IRQHandler
  352 000000DC         EINT3_IRQHandler
  353 000000DC         ADC_IRQHandler
  354 000000DC         BOD_IRQHandler
  355 000000DC         USB_IRQHandler
  356 000000DC         CAN_IRQHandler
  357 000000DC         DMA_IRQHandler
  358 000000DC         I2S_IRQHandler
  359 000000DC         ENET_IRQHandler
  360 000000DC         RIT_IRQHandler
  361 000000DC         MCPWM_IRQHandler
  362 000000DC         QEI_IRQHandler
  363 000000DC         PLL1_IRQHandler
  364 000000DC         USBActivity_IRQHandler
  365 000000DC         CANActivity_IRQHandler
  366 000000DC         
  367 000000DC E7FE            B                .
  368 000000DE         
  369 000000DE                 ENDP
  370 000000DE         
  371 000000DE         
  372 000000DE 00 00           ALIGN
  373 000000E0         
  374 000000E0         
  375 000000E0         ; User Initial Stack & Heap
  376 000000E0         
  377 000000E0                 IF               :DEF:__MICROLIB
  384 000000E0         
  385 000000E0                 IMPORT           __use_two_region_memory
  386 000000E0                 EXPORT           __user_initial_stackheap
  387 000000E0         __user_initial_stackheap
  388 000000E0         
  389 000000E0 4804            LDR              R0, =  Heap_Mem
  390 000000E2 4905            LDR              R1, =(Stack_Mem + Stack_Size)
  391 000000E4 4A03            LDR              R2, = (Heap_Mem +  Heap_Size)
  392 000000E6 4B05            LDR              R3, = Stack_Mem
  393 000000E8 4770            BX               LR
  394 000000EA         
  395 000000EA 00 00           ALIGN
  396 000000EC         
  397 000000EC                 ENDIF
  398 000000EC         
  399 000000EC         
  400 000000EC                 END
              00000000 
              00000000 
              00000000 
              00000200 
              00000000 
Command Line: --debug --xref --diag_suppress=9931 --cpu=Cortex-M3 --apcs=interw
ork --depend=.\objects\startup_lpc17xx.d -o.\objects\startup_lpc17xx.o -I.\RTE\
Device\LPC1768 -I.\RTE\_Target_1 -IC:\Keil_v5\ARM\PACK\ARM\CMSIS\5.5.1\CMSIS\Co
re\Include -IC:\Keil_v5\ARM\PACK\Keil\LPC1700_DFP\2.6.0\Device\Include --predef
ine="__EVAL SETA 1" --predefine="__UVISION_VERSION SETA 528" --predefine="_RTE_



ARM Macro Assembler    Page 11 


 SETA 1" --predefine="LPC175x_6x SETA 1" --list=.\listings\startup_lpc17xx.lst 
RTE\Device\LPC1768\startup_LPC17xx.s



ARM Macro Assembler    Page 1 Alphabetic symbol ordering
Relocatable symbols

STACK 00000000

Symbol: STACK
   Definitions
      At line 33 in file RTE\Device\LPC1768\startup_LPC17xx.s
   Uses
      None
Comment: STACK unused
Stack_Mem 00000000

Symbol: Stack_Mem
   Definitions
      At line 34 in file RTE\Device\LPC1768\startup_LPC17xx.s
   Uses
      At line 390 in file RTE\Device\LPC1768\startup_LPC17xx.s
      At line 392 in file RTE\Device\LPC1768\startup_LPC17xx.s

__initial_sp 00000200

Symbol: __initial_sp
   Definitions
      At line 35 in file RTE\Device\LPC1768\startup_LPC17xx.s
   Uses
      At line 61 in file RTE\Device\LPC1768\startup_LPC17xx.s
Comment: __initial_sp used once
3 symbols



ARM Macro Assembler    Page 1 Alphabetic symbol ordering
Relocatable symbols

HEAP 00000000

Symbol: HEAP
   Definitions
      At line 46 in file RTE\Device\LPC1768\startup_LPC17xx.s
   Uses
      None
Comment: HEAP unused
Heap_Mem 00000000

Symbol: Heap_Mem
   Definitions
      At line 48 in file RTE\Device\LPC1768\startup_LPC17xx.s
   Uses
      At line 389 in file RTE\Device\LPC1768\startup_LPC17xx.s
      At line 391 in file RTE\Device\LPC1768\startup_LPC17xx.s

__heap_base 00000000

Symbol: __heap_base
   Definitions
      At line 47 in file RTE\Device\LPC1768\startup_LPC17xx.s
   Uses
      None
Comment: __heap_base unused
__heap_limit 00000000

Symbol: __heap_limit
   Definitions
      At line 49 in file RTE\Device\LPC1768\startup_LPC17xx.s
   Uses
      None
Comment: __heap_limit unused
4 symbols



ARM Macro Assembler    Page 1 Alphabetic symbol ordering
Relocatable symbols

RESET 00000000

Symbol: RESET
   Definitions
      At line 58 in file RTE\Device\LPC1768\startup_LPC17xx.s
   Uses
      None
Comment: RESET unused
__Vectors 00000000

Symbol: __Vectors
   Definitions
      At line 61 in file RTE\Device\LPC1768\startup_LPC17xx.s
   Uses
      At line 59 in file RTE\Device\LPC1768\startup_LPC17xx.s
Comment: __Vectors used once
2 symbols



ARM Macro Assembler    Page 1 Alphabetic symbol ordering
Relocatable symbols

.ARM.__at_0x02FC 00000000

Symbol: .ARM.__at_0x02FC
   Definitions
      At line 117 in file RTE\Device\LPC1768\startup_LPC17xx.s
   Uses
      None
Comment: .ARM.__at_0x02FC unused
CRP_Key 00000000

Symbol: CRP_Key
   Definitions
      At line 118 in file RTE\Device\LPC1768\startup_LPC17xx.s
   Uses
      None
Comment: CRP_Key unused
2 symbols



ARM Macro Assembler    Page 1 Alphabetic symbol ordering
Relocatable symbols

Item_list 000000F0

Symbol: Item_list
   Definitions
      At line 129 in file RTE\Device\LPC1768\startup_LPC17xx.s
   Uses
      At line 151 in file RTE\Device\LPC1768\startup_LPC17xx.s
      At line 156 in file RTE\Device\LPC1768\startup_LPC17xx.s

Price_list 00000000

Symbol: Price_list
   Definitions
      At line 122 in file RTE\Device\LPC1768\startup_LPC17xx.s
   Uses
      At line 150 in file RTE\Device\LPC1768\startup_LPC17xx.s
      At line 155 in file RTE\Device\LPC1768\startup_LPC17xx.s

inputData 00000000

Symbol: inputData
   Definitions
      At line 121 in file RTE\Device\LPC1768\startup_LPC17xx.s
   Uses
      None
Comment: inputData unused
3 symbols



ARM Macro Assembler    Page 1 Alphabetic symbol ordering
Relocatable symbols

.text 00000000

Symbol: .text
   Definitions
      At line 132 in file RTE\Device\LPC1768\startup_LPC17xx.s
   Uses
      None
Comment: .text unused
ADC_IRQHandler 000000DC

Symbol: ADC_IRQHandler
   Definitions
      At line 353 in file RTE\Device\LPC1768\startup_LPC17xx.s
   Uses
      At line 101 in file RTE\Device\LPC1768\startup_LPC17xx.s
      At line 317 in file RTE\Device\LPC1768\startup_LPC17xx.s

BOD_IRQHandler 000000DC

Symbol: BOD_IRQHandler
   Definitions
      At line 354 in file RTE\Device\LPC1768\startup_LPC17xx.s
   Uses
      At line 102 in file RTE\Device\LPC1768\startup_LPC17xx.s
      At line 318 in file RTE\Device\LPC1768\startup_LPC17xx.s

BusFault_Handler 000000D0

Symbol: BusFault_Handler
   Definitions
      At line 266 in file RTE\Device\LPC1768\startup_LPC17xx.s
   Uses
      At line 66 in file RTE\Device\LPC1768\startup_LPC17xx.s
      At line 267 in file RTE\Device\LPC1768\startup_LPC17xx.s

CANActivity_IRQHandler 000000DC

Symbol: CANActivity_IRQHandler
   Definitions
      At line 365 in file RTE\Device\LPC1768\startup_LPC17xx.s
   Uses
      At line 113 in file RTE\Device\LPC1768\startup_LPC17xx.s
      At line 329 in file RTE\Device\LPC1768\startup_LPC17xx.s

CAN_IRQHandler 000000DC

Symbol: CAN_IRQHandler
   Definitions
      At line 356 in file RTE\Device\LPC1768\startup_LPC17xx.s
   Uses
      At line 104 in file RTE\Device\LPC1768\startup_LPC17xx.s
      At line 320 in file RTE\Device\LPC1768\startup_LPC17xx.s

DMA_IRQHandler 000000DC

Symbol: DMA_IRQHandler
   Definitions
      At line 357 in file RTE\Device\LPC1768\startup_LPC17xx.s
   Uses



ARM Macro Assembler    Page 2 Alphabetic symbol ordering
Relocatable symbols

      At line 105 in file RTE\Device\LPC1768\startup_LPC17xx.s
      At line 321 in file RTE\Device\LPC1768\startup_LPC17xx.s

DebugMon_Handler 000000D6

Symbol: DebugMon_Handler
   Definitions
      At line 280 in file RTE\Device\LPC1768\startup_LPC17xx.s
   Uses
      At line 73 in file RTE\Device\LPC1768\startup_LPC17xx.s
      At line 281 in file RTE\Device\LPC1768\startup_LPC17xx.s

Default_Handler 000000DC

Symbol: Default_Handler
   Definitions
      At line 293 in file RTE\Device\LPC1768\startup_LPC17xx.s
   Uses
      None
Comment: Default_Handler unused
EINT0_IRQHandler 000000DC

Symbol: EINT0_IRQHandler
   Definitions
      At line 349 in file RTE\Device\LPC1768\startup_LPC17xx.s
   Uses
      At line 97 in file RTE\Device\LPC1768\startup_LPC17xx.s
      At line 313 in file RTE\Device\LPC1768\startup_LPC17xx.s

EINT1_IRQHandler 000000DC

Symbol: EINT1_IRQHandler
   Definitions
      At line 350 in file RTE\Device\LPC1768\startup_LPC17xx.s
   Uses
      At line 98 in file RTE\Device\LPC1768\startup_LPC17xx.s
      At line 314 in file RTE\Device\LPC1768\startup_LPC17xx.s

EINT2_IRQHandler 000000DC

Symbol: EINT2_IRQHandler
   Definitions
      At line 351 in file RTE\Device\LPC1768\startup_LPC17xx.s
   Uses
      At line 99 in file RTE\Device\LPC1768\startup_LPC17xx.s
      At line 315 in file RTE\Device\LPC1768\startup_LPC17xx.s

EINT3_IRQHandler 000000DC

Symbol: EINT3_IRQHandler
   Definitions
      At line 352 in file RTE\Device\LPC1768\startup_LPC17xx.s
   Uses
      At line 100 in file RTE\Device\LPC1768\startup_LPC17xx.s
      At line 316 in file RTE\Device\LPC1768\startup_LPC17xx.s

ENET_IRQHandler 000000DC

Symbol: ENET_IRQHandler



ARM Macro Assembler    Page 3 Alphabetic symbol ordering
Relocatable symbols

   Definitions
      At line 359 in file RTE\Device\LPC1768\startup_LPC17xx.s
   Uses
      At line 107 in file RTE\Device\LPC1768\startup_LPC17xx.s
      At line 323 in file RTE\Device\LPC1768\startup_LPC17xx.s

HardFault_Handler 000000CC

Symbol: HardFault_Handler
   Definitions
      At line 256 in file RTE\Device\LPC1768\startup_LPC17xx.s
   Uses
      At line 64 in file RTE\Device\LPC1768\startup_LPC17xx.s
      At line 257 in file RTE\Device\LPC1768\startup_LPC17xx.s

I2C0_IRQHandler 000000DC

Symbol: I2C0_IRQHandler
   Definitions
      At line 341 in file RTE\Device\LPC1768\startup_LPC17xx.s
   Uses
      At line 89 in file RTE\Device\LPC1768\startup_LPC17xx.s
      At line 305 in file RTE\Device\LPC1768\startup_LPC17xx.s

I2C1_IRQHandler 000000DC

Symbol: I2C1_IRQHandler
   Definitions
      At line 342 in file RTE\Device\LPC1768\startup_LPC17xx.s
   Uses
      At line 90 in file RTE\Device\LPC1768\startup_LPC17xx.s
      At line 306 in file RTE\Device\LPC1768\startup_LPC17xx.s

I2C2_IRQHandler 000000DC

Symbol: I2C2_IRQHandler
   Definitions
      At line 343 in file RTE\Device\LPC1768\startup_LPC17xx.s
   Uses
      At line 91 in file RTE\Device\LPC1768\startup_LPC17xx.s
      At line 307 in file RTE\Device\LPC1768\startup_LPC17xx.s

I2S_IRQHandler 000000DC

Symbol: I2S_IRQHandler
   Definitions
      At line 358 in file RTE\Device\LPC1768\startup_LPC17xx.s
   Uses
      At line 106 in file RTE\Device\LPC1768\startup_LPC17xx.s
      At line 322 in file RTE\Device\LPC1768\startup_LPC17xx.s

MCPWM_IRQHandler 000000DC

Symbol: MCPWM_IRQHandler
   Definitions
      At line 361 in file RTE\Device\LPC1768\startup_LPC17xx.s
   Uses
      At line 109 in file RTE\Device\LPC1768\startup_LPC17xx.s
      At line 325 in file RTE\Device\LPC1768\startup_LPC17xx.s



ARM Macro Assembler    Page 4 Alphabetic symbol ordering
Relocatable symbols


MemManage_Handler 000000CE

Symbol: MemManage_Handler
   Definitions
      At line 261 in file RTE\Device\LPC1768\startup_LPC17xx.s
   Uses
      At line 65 in file RTE\Device\LPC1768\startup_LPC17xx.s
      At line 262 in file RTE\Device\LPC1768\startup_LPC17xx.s

NMI_Handler 000000CA

Symbol: NMI_Handler
   Definitions
      At line 251 in file RTE\Device\LPC1768\startup_LPC17xx.s
   Uses
      At line 63 in file RTE\Device\LPC1768\startup_LPC17xx.s
      At line 252 in file RTE\Device\LPC1768\startup_LPC17xx.s

PLL0_IRQHandler 000000DC

Symbol: PLL0_IRQHandler
   Definitions
      At line 347 in file RTE\Device\LPC1768\startup_LPC17xx.s
   Uses
      At line 95 in file RTE\Device\LPC1768\startup_LPC17xx.s
      At line 311 in file RTE\Device\LPC1768\startup_LPC17xx.s

PLL1_IRQHandler 000000DC

Symbol: PLL1_IRQHandler
   Definitions
      At line 363 in file RTE\Device\LPC1768\startup_LPC17xx.s
   Uses
      At line 111 in file RTE\Device\LPC1768\startup_LPC17xx.s
      At line 327 in file RTE\Device\LPC1768\startup_LPC17xx.s

PWM1_IRQHandler 000000DC

Symbol: PWM1_IRQHandler
   Definitions
      At line 340 in file RTE\Device\LPC1768\startup_LPC17xx.s
   Uses
      At line 88 in file RTE\Device\LPC1768\startup_LPC17xx.s
      At line 304 in file RTE\Device\LPC1768\startup_LPC17xx.s

PendSV_Handler 000000D8

Symbol: PendSV_Handler
   Definitions
      At line 284 in file RTE\Device\LPC1768\startup_LPC17xx.s
   Uses
      At line 75 in file RTE\Device\LPC1768\startup_LPC17xx.s
      At line 285 in file RTE\Device\LPC1768\startup_LPC17xx.s

QEI_IRQHandler 000000DC

Symbol: QEI_IRQHandler
   Definitions



ARM Macro Assembler    Page 5 Alphabetic symbol ordering
Relocatable symbols

      At line 362 in file RTE\Device\LPC1768\startup_LPC17xx.s
   Uses
      At line 110 in file RTE\Device\LPC1768\startup_LPC17xx.s
      At line 326 in file RTE\Device\LPC1768\startup_LPC17xx.s

RIT_IRQHandler 000000DC

Symbol: RIT_IRQHandler
   Definitions
      At line 360 in file RTE\Device\LPC1768\startup_LPC17xx.s
   Uses
      At line 108 in file RTE\Device\LPC1768\startup_LPC17xx.s
      At line 324 in file RTE\Device\LPC1768\startup_LPC17xx.s

RTC_IRQHandler 000000DC

Symbol: RTC_IRQHandler
   Definitions
      At line 348 in file RTE\Device\LPC1768\startup_LPC17xx.s
   Uses
      At line 96 in file RTE\Device\LPC1768\startup_LPC17xx.s
      At line 312 in file RTE\Device\LPC1768\startup_LPC17xx.s

Reset_Handler 00000000

Symbol: Reset_Handler
   Definitions
      At line 137 in file RTE\Device\LPC1768\startup_LPC17xx.s
   Uses
      At line 62 in file RTE\Device\LPC1768\startup_LPC17xx.s
      At line 138 in file RTE\Device\LPC1768\startup_LPC17xx.s

SPI_IRQHandler 000000DC

Symbol: SPI_IRQHandler
   Definitions
      At line 344 in file RTE\Device\LPC1768\startup_LPC17xx.s
   Uses
      At line 92 in file RTE\Device\LPC1768\startup_LPC17xx.s
      At line 308 in file RTE\Device\LPC1768\startup_LPC17xx.s

SSP0_IRQHandler 000000DC

Symbol: SSP0_IRQHandler
   Definitions
      At line 345 in file RTE\Device\LPC1768\startup_LPC17xx.s
   Uses
      At line 93 in file RTE\Device\LPC1768\startup_LPC17xx.s
      At line 309 in file RTE\Device\LPC1768\startup_LPC17xx.s

SSP1_IRQHandler 000000DC

Symbol: SSP1_IRQHandler
   Definitions
      At line 346 in file RTE\Device\LPC1768\startup_LPC17xx.s
   Uses
      At line 94 in file RTE\Device\LPC1768\startup_LPC17xx.s
      At line 310 in file RTE\Device\LPC1768\startup_LPC17xx.s




ARM Macro Assembler    Page 6 Alphabetic symbol ordering
Relocatable symbols

SVC_Handler 000000D4

Symbol: SVC_Handler
   Definitions
      At line 275 in file RTE\Device\LPC1768\startup_LPC17xx.s
   Uses
      At line 72 in file RTE\Device\LPC1768\startup_LPC17xx.s
      At line 276 in file RTE\Device\LPC1768\startup_LPC17xx.s

SysTick_Handler 000000DA

Symbol: SysTick_Handler
   Definitions
      At line 288 in file RTE\Device\LPC1768\startup_LPC17xx.s
   Uses
      At line 76 in file RTE\Device\LPC1768\startup_LPC17xx.s
      At line 289 in file RTE\Device\LPC1768\startup_LPC17xx.s

TIMER0_IRQHandler 000000DC

Symbol: TIMER0_IRQHandler
   Definitions
      At line 332 in file RTE\Device\LPC1768\startup_LPC17xx.s
   Uses
      At line 80 in file RTE\Device\LPC1768\startup_LPC17xx.s
      At line 296 in file RTE\Device\LPC1768\startup_LPC17xx.s

TIMER1_IRQHandler 000000DC

Symbol: TIMER1_IRQHandler
   Definitions
      At line 333 in file RTE\Device\LPC1768\startup_LPC17xx.s
   Uses
      At line 81 in file RTE\Device\LPC1768\startup_LPC17xx.s
      At line 297 in file RTE\Device\LPC1768\startup_LPC17xx.s

TIMER2_IRQHandler 000000DC

Symbol: TIMER2_IRQHandler
   Definitions
      At line 334 in file RTE\Device\LPC1768\startup_LPC17xx.s
   Uses
      At line 82 in file RTE\Device\LPC1768\startup_LPC17xx.s
      At line 298 in file RTE\Device\LPC1768\startup_LPC17xx.s

TIMER3_IRQHandler 000000DC

Symbol: TIMER3_IRQHandler
   Definitions
      At line 335 in file RTE\Device\LPC1768\startup_LPC17xx.s
   Uses
      At line 83 in file RTE\Device\LPC1768\startup_LPC17xx.s
      At line 299 in file RTE\Device\LPC1768\startup_LPC17xx.s

UART0_IRQHandler 000000DC

Symbol: UART0_IRQHandler
   Definitions
      At line 336 in file RTE\Device\LPC1768\startup_LPC17xx.s



ARM Macro Assembler    Page 7 Alphabetic symbol ordering
Relocatable symbols

   Uses
      At line 84 in file RTE\Device\LPC1768\startup_LPC17xx.s
      At line 300 in file RTE\Device\LPC1768\startup_LPC17xx.s

UART1_IRQHandler 000000DC

Symbol: UART1_IRQHandler
   Definitions
      At line 337 in file RTE\Device\LPC1768\startup_LPC17xx.s
   Uses
      At line 85 in file RTE\Device\LPC1768\startup_LPC17xx.s
      At line 301 in file RTE\Device\LPC1768\startup_LPC17xx.s

UART2_IRQHandler 000000DC

Symbol: UART2_IRQHandler
   Definitions
      At line 338 in file RTE\Device\LPC1768\startup_LPC17xx.s
   Uses
      At line 86 in file RTE\Device\LPC1768\startup_LPC17xx.s
      At line 302 in file RTE\Device\LPC1768\startup_LPC17xx.s

UART3_IRQHandler 000000DC

Symbol: UART3_IRQHandler
   Definitions
      At line 339 in file RTE\Device\LPC1768\startup_LPC17xx.s
   Uses
      At line 87 in file RTE\Device\LPC1768\startup_LPC17xx.s
      At line 303 in file RTE\Device\LPC1768\startup_LPC17xx.s

USBActivity_IRQHandler 000000DC

Symbol: USBActivity_IRQHandler
   Definitions
      At line 364 in file RTE\Device\LPC1768\startup_LPC17xx.s
   Uses
      At line 112 in file RTE\Device\LPC1768\startup_LPC17xx.s
      At line 328 in file RTE\Device\LPC1768\startup_LPC17xx.s

USB_IRQHandler 000000DC

Symbol: USB_IRQHandler
   Definitions
      At line 355 in file RTE\Device\LPC1768\startup_LPC17xx.s
   Uses
      At line 103 in file RTE\Device\LPC1768\startup_LPC17xx.s
      At line 319 in file RTE\Device\LPC1768\startup_LPC17xx.s

UsageFault_Handler 000000D2

Symbol: UsageFault_Handler
   Definitions
      At line 271 in file RTE\Device\LPC1768\startup_LPC17xx.s
   Uses
      At line 67 in file RTE\Device\LPC1768\startup_LPC17xx.s
      At line 272 in file RTE\Device\LPC1768\startup_LPC17xx.s

WDT_IRQHandler 000000DC



ARM Macro Assembler    Page 8 Alphabetic symbol ordering
Relocatable symbols


Symbol: WDT_IRQHandler
   Definitions
      At line 331 in file RTE\Device\LPC1768\startup_LPC17xx.s
   Uses
      At line 79 in file RTE\Device\LPC1768\startup_LPC17xx.s
      At line 295 in file RTE\Device\LPC1768\startup_LPC17xx.s

__user_initial_stackheap 000000E0

Symbol: __user_initial_stackheap
   Definitions
      At line 387 in file RTE\Device\LPC1768\startup_LPC17xx.s
   Uses
      At line 386 in file RTE\Device\LPC1768\startup_LPC17xx.s
Comment: __user_initial_stackheap used once
binarySearch 0000007A

Symbol: binarySearch
   Definitions
      At line 207 in file RTE\Device\LPC1768\startup_LPC17xx.s
   Uses
      At line 157 in file RTE\Device\LPC1768\startup_LPC17xx.s
Comment: binarySearch used once
finishloop 00000074

Symbol: finishloop
   Definitions
      At line 202 in file RTE\Device\LPC1768\startup_LPC17xx.s
   Uses
      At line 182 in file RTE\Device\LPC1768\startup_LPC17xx.s
Comment: finishloop used once
founditem 0000004A

Symbol: founditem
   Definitions
      At line 189 in file RTE\Device\LPC1768\startup_LPC17xx.s
   Uses
      At line 185 in file RTE\Device\LPC1768\startup_LPC17xx.s
Comment: founditem used once
looplbl 00000026

Symbol: looplbl
   Definitions
      At line 173 in file RTE\Device\LPC1768\startup_LPC17xx.s
   Uses
      At line 188 in file RTE\Device\LPC1768\startup_LPC17xx.s
Comment: looplbl used once
looplbl2 0000002A

Symbol: looplbl2
   Definitions
      At line 177 in file RTE\Device\LPC1768\startup_LPC17xx.s
   Uses
      At line 184 in file RTE\Device\LPC1768\startup_LPC17xx.s
      At line 186 in file RTE\Device\LPC1768\startup_LPC17xx.s

looplblb 00000090




ARM Macro Assembler    Page 9 Alphabetic symbol ordering
Relocatable symbols

Symbol: looplblb
   Definitions
      At line 217 in file RTE\Device\LPC1768\startup_LPC17xx.s
   Uses
      At line 230 in file RTE\Device\LPC1768\startup_LPC17xx.s
Comment: looplblb used once
nextnumber 00000082

Symbol: nextnumber
   Definitions
      At line 211 in file RTE\Device\LPC1768\startup_LPC17xx.s
   Uses
      At line 244 in file RTE\Device\LPC1768\startup_LPC17xx.s
Comment: nextnumber used once
notfirstloop 00000090

Symbol: notfirstloop
   Definitions
      At line 216 in file RTE\Device\LPC1768\startup_LPC17xx.s
   Uses
      At line 214 in file RTE\Device\LPC1768\startup_LPC17xx.s
Comment: notfirstloop used once
sequentialSearch 00000012

Symbol: sequentialSearch
   Definitions
      At line 166 in file RTE\Device\LPC1768\startup_LPC17xx.s
   Uses
      At line 152 in file RTE\Device\LPC1768\startup_LPC17xx.s
Comment: sequentialSearch used once
stop 00000010

Symbol: stop
   Definitions
      At line 162 in file RTE\Device\LPC1768\startup_LPC17xx.s
   Uses
      At line 162 in file RTE\Device\LPC1768\startup_LPC17xx.s
Comment: stop used once
sumloop 00000022

Symbol: sumloop
   Definitions
      At line 172 in file RTE\Device\LPC1768\startup_LPC17xx.s
   Uses
      At line 201 in file RTE\Device\LPC1768\startup_LPC17xx.s
Comment: sumloop used once
59 symbols



ARM Macro Assembler    Page 1 Alphabetic symbol ordering
Absolute symbols

Heap_Size 00000000

Symbol: Heap_Size
   Definitions
      At line 44 in file RTE\Device\LPC1768\startup_LPC17xx.s
   Uses
      At line 48 in file RTE\Device\LPC1768\startup_LPC17xx.s
      At line 391 in file RTE\Device\LPC1768\startup_LPC17xx.s

Stack_Size 00000200

Symbol: Stack_Size
   Definitions
      At line 31 in file RTE\Device\LPC1768\startup_LPC17xx.s
   Uses
      At line 34 in file RTE\Device\LPC1768\startup_LPC17xx.s
      At line 390 in file RTE\Device\LPC1768\startup_LPC17xx.s

m 00000004

Symbol: m
   Definitions
      At line 42 in file RTE\Device\LPC1768\startup_LPC17xx.s
   Uses
      At line 200 in file RTE\Device\LPC1768\startup_LPC17xx.s
      At line 243 in file RTE\Device\LPC1768\startup_LPC17xx.s

n 0000001E

Symbol: n
   Definitions
      At line 41 in file RTE\Device\LPC1768\startup_LPC17xx.s
   Uses
      At line 181 in file RTE\Device\LPC1768\startup_LPC17xx.s
      At line 212 in file RTE\Device\LPC1768\startup_LPC17xx.s

wordsize 00000004

Symbol: wordsize
   Definitions
      At line 43 in file RTE\Device\LPC1768\startup_LPC17xx.s
   Uses
      None
Comment: wordsize unused
5 symbols



ARM Macro Assembler    Page 1 Alphabetic symbol ordering
External symbols

__use_two_region_memory 00000000

Symbol: __use_two_region_memory
   Definitions
      At line 385 in file RTE\Device\LPC1768\startup_LPC17xx.s
   Uses
      None
Comment: __use_two_region_memory unused
1 symbol
419 symbols in table
