Component: ARM Compiler 5.06 update 6 (build 750) Tool: armlink [4d35ed]

==============================================================================

Section Cross References

    irq_adc.o(i.ADC_IRQHandler) refers to lib_led.o(i.LED_Off) for LED_Off
    irq_adc.o(i.ADC_IRQHandler) refers to lib_led.o(i.LED_On) for LED_On
    irq_adc.o(i.ADC_IRQHandler) refers to lib_timer.o(i.disable_timer) for disable_timer
    irq_adc.o(i.ADC_IRQHandler) refers to lib_timer.o(i.reset_timer) for reset_timer
    irq_adc.o(i.ADC_IRQHandler) refers to lib_timer.o(i.init_timer) for init_timer
    irq_adc.o(i.ADC_IRQHandler) refers to lib_timer.o(i.enable_timer) for enable_timer
    irq_adc.o(i.ADC_IRQHandler) refers to irq_adc.o(.data) for AD_current
    irq_adc.o(i.ADC_IRQHandler) refers to irq_adc.o(.constdata) for freqs
    irq_button.o(i.EINT1_IRQHandler) refers to startup_lpc17xx.o(.text) for sequentialSearch
    irq_button.o(i.EINT1_IRQHandler) refers to lib_timer.o(i.reset_timer) for reset_timer
    irq_button.o(i.EINT1_IRQHandler) refers to lib_timer.o(i.init_timer) for init_timer
    irq_button.o(i.EINT1_IRQHandler) refers to lib_timer.o(i.enable_timer) for enable_timer
    irq_button.o(i.EINT1_IRQHandler) refers to sample.o(.data) for ItemList
    irq_button.o(i.EINT2_IRQHandler) refers to startup_lpc17xx.o(.text) for binarySearch
    irq_button.o(i.EINT2_IRQHandler) refers to lib_timer.o(i.reset_timer) for reset_timer
    irq_button.o(i.EINT2_IRQHandler) refers to lib_timer.o(i.init_timer) for init_timer
    irq_button.o(i.EINT2_IRQHandler) refers to lib_timer.o(i.enable_timer) for enable_timer
    irq_button.o(i.EINT2_IRQHandler) refers to sample.o(.data) for ItemList
    lib_button.o(i.BUTTON_init) refers to lib_button.o(i.__NVIC_EnableIRQ) for __NVIC_EnableIRQ
    lib_led.o(i.LED_Off) refers to lib_led.o(.constdata) for led_mask
    lib_led.o(i.LED_On) refers to lib_led.o(.constdata) for led_mask
    irq_timer.o(i.TIMER0_IRQHandler) refers to irq_timer.o(.data) for SinTable
    lib_timer.o(i.init_timer) refers to lib_timer.o(i.__NVIC_EnableIRQ) for __NVIC_EnableIRQ
    sample.o(i.main) refers to lib_led.o(i.LED_init) for LED_init
    sample.o(i.main) refers to lib_button.o(i.BUTTON_init) for BUTTON_init
    sample.o(i.main) refers to lib_timer.o(i.init_timer) for init_timer
    sample.o(i.main) refers to lib_timer.o(i.enable_timer) for enable_timer
    sample.o(i.main) refers to lib_adc_dac.o(i.ADC_init) for ADC_init
    sample.o(i.main) refers to lib_adc_dac.o(i.DAC_init) for DAC_init
    sample.o(i.main) refers to lib_adc_dac.o(i.ADC_start_conversion) for ADC_start_conversion
    sample.o(i.main) refers to sample.o(.data) for _MAX
    startup_lpc17xx.o(STACK) refers (Special) to heapauxi.o(.text) for __use_two_region_memory
    startup_lpc17xx.o(HEAP) refers (Special) to heapauxi.o(.text) for __use_two_region_memory
    startup_lpc17xx.o(RESET) refers (Special) to heapauxi.o(.text) for __use_two_region_memory
    startup_lpc17xx.o(RESET) refers to startup_lpc17xx.o(STACK) for __initial_sp
    startup_lpc17xx.o(RESET) refers to startup_lpc17xx.o(.text) for Reset_Handler
    startup_lpc17xx.o(RESET) refers to irq_timer.o(i.TIMER0_IRQHandler) for TIMER0_IRQHandler
    startup_lpc17xx.o(RESET) refers to irq_timer.o(i.TIMER1_IRQHandler) for TIMER1_IRQHandler
    startup_lpc17xx.o(RESET) refers to irq_button.o(i.EINT0_IRQHandler) for EINT0_IRQHandler
    startup_lpc17xx.o(RESET) refers to irq_button.o(i.EINT1_IRQHandler) for EINT1_IRQHandler
    startup_lpc17xx.o(RESET) refers to irq_button.o(i.EINT2_IRQHandler) for EINT2_IRQHandler
    startup_lpc17xx.o(RESET) refers to irq_adc.o(i.ADC_IRQHandler) for ADC_IRQHandler
    startup_lpc17xx.o(.ARM.__at_0x02FC) refers (Special) to heapauxi.o(.text) for __use_two_region_memory
    startup_lpc17xx.o(inputData) refers (Special) to heapauxi.o(.text) for __use_two_region_memory
    startup_lpc17xx.o(.text) refers (Special) to heapauxi.o(.text) for __use_two_region_memory
    startup_lpc17xx.o(.text) refers to startup_lpc17xx.o(inputData) for Price_list
    startup_lpc17xx.o(.text) refers to startup_lpc17xx.o(HEAP) for Heap_Mem
    startup_lpc17xx.o(.text) refers to startup_lpc17xx.o(STACK) for Stack_Mem
    system_lpc17xx.o(i.SystemCoreClockUpdate) refers to lludivv7m.o(.text) for __aeabi_uldivmod
    system_lpc17xx.o(i.SystemCoreClockUpdate) refers to system_lpc17xx.o(.data) for SystemCoreClock
    __main.o(!!!main) refers to __rtentry.o(.ARM.Collect$$rtentry$$00000000) for __rt_entry
    __rtentry.o(.ARM.Collect$$rtentry$$00000000) refers (Special) to __rtentry2.o(.ARM.Collect$$rtentry$$0000000A) for __rt_entry_li
    __rtentry.o(.ARM.Collect$$rtentry$$00000000) refers (Special) to __rtentry2.o(.ARM.Collect$$rtentry$$0000000D) for __rt_entry_main
    __rtentry.o(.ARM.Collect$$rtentry$$00000000) refers (Special) to __rtentry2.o(.ARM.Collect$$rtentry$$0000000C) for __rt_entry_postli_1
    __rtentry.o(.ARM.Collect$$rtentry$$00000000) refers (Special) to __rtentry2.o(.ARM.Collect$$rtentry$$00000009) for __rt_entry_postsh_1
    __rtentry.o(.ARM.Collect$$rtentry$$00000000) refers (Special) to __rtentry2.o(.ARM.Collect$$rtentry$$00000002) for __rt_entry_presh_1
    __rtentry.o(.ARM.Collect$$rtentry$$00000000) refers (Special) to __rtentry4.o(.ARM.Collect$$rtentry$$00000004) for __rt_entry_sh
    aeabi_ldiv0_sigfpe.o(.text) refers to rt_div0.o(.text) for __rt_div0
    __rtentry2.o(.ARM.Collect$$rtentry$$00000008) refers to boardinit2.o(.text) for _platform_post_stackheap_init
    __rtentry2.o(.ARM.Collect$$rtentry$$0000000A) refers to libinit.o(.ARM.Collect$$libinit$$00000000) for __rt_lib_init
    __rtentry2.o(.ARM.Collect$$rtentry$$0000000B) refers to boardinit3.o(.text) for _platform_post_lib_init
    __rtentry2.o(.ARM.Collect$$rtentry$$0000000D) refers to sample.o(i.main) for main
    __rtentry2.o(.ARM.Collect$$rtentry$$0000000D) refers to exit.o(.text) for exit
    __rtentry2.o(.ARM.exidx) refers to __rtentry2.o(.ARM.Collect$$rtentry$$00000001) for .ARM.Collect$$rtentry$$00000001
    __rtentry2.o(.ARM.exidx) refers to __rtentry2.o(.ARM.Collect$$rtentry$$00000008) for .ARM.Collect$$rtentry$$00000008
    __rtentry2.o(.ARM.exidx) refers to __rtentry2.o(.ARM.Collect$$rtentry$$0000000A) for .ARM.Collect$$rtentry$$0000000A
    __rtentry2.o(.ARM.exidx) refers to __rtentry2.o(.ARM.Collect$$rtentry$$0000000B) for .ARM.Collect$$rtentry$$0000000B
    __rtentry2.o(.ARM.exidx) refers to __rtentry2.o(.ARM.Collect$$rtentry$$0000000D) for .ARM.Collect$$rtentry$$0000000D
    __rtentry4.o(.ARM.Collect$$rtentry$$00000004) refers to sys_stackheap_outer.o(.text) for __user_setup_stackheap
    __rtentry4.o(.ARM.exidx) refers to __rtentry4.o(.ARM.Collect$$rtentry$$00000004) for .ARM.Collect$$rtentry$$00000004
    rt_div0.o(.text) refers to defsig_fpe_outer.o(.text) for __rt_SIGFPE
    sys_stackheap_outer.o(.text) refers to libspace.o(.text) for __user_perproc_libspace
    sys_stackheap_outer.o(.text) refers to startup_lpc17xx.o(.text) for __user_initial_stackheap
    exit.o(.text) refers to rtexit.o(.ARM.Collect$$rtexit$$00000000) for __rt_exit
    defsig_fpe_outer.o(.text) refers to defsig_fpe_inner.o(.text) for __rt_SIGFPE_inner
    defsig_fpe_outer.o(.text) refers to defsig_exit.o(.text) for __sig_exit
    defsig_fpe_formal.o(.text) refers to rt_raise.o(.text) for __rt_raise
    libinit.o(.ARM.Collect$$libinit$$00000000) refers (Special) to libinit2.o(.ARM.Collect$$libinit$$0000002E) for __rt_lib_init_alloca_1
    libinit.o(.ARM.Collect$$libinit$$00000000) refers (Special) to libinit2.o(.ARM.Collect$$libinit$$0000002C) for __rt_lib_init_argv_1
    libinit.o(.ARM.Collect$$libinit$$00000000) refers (Special) to libinit2.o(.ARM.Collect$$libinit$$0000001B) for __rt_lib_init_atexit_1
    libinit.o(.ARM.Collect$$libinit$$00000000) refers (Special) to libinit2.o(.ARM.Collect$$libinit$$00000021) for __rt_lib_init_clock_1
    libinit.o(.ARM.Collect$$libinit$$00000000) refers (Special) to libinit2.o(.ARM.Collect$$libinit$$00000032) for __rt_lib_init_cpp_1
    libinit.o(.ARM.Collect$$libinit$$00000000) refers (Special) to libinit2.o(.ARM.Collect$$libinit$$00000030) for __rt_lib_init_exceptions_1
    libinit.o(.ARM.Collect$$libinit$$00000000) refers (Special) to libinit2.o(.ARM.Collect$$libinit$$00000002) for __rt_lib_init_fp_1
    libinit.o(.ARM.Collect$$libinit$$00000000) refers (Special) to libinit2.o(.ARM.Collect$$libinit$$0000001F) for __rt_lib_init_fp_trap_1
    libinit.o(.ARM.Collect$$libinit$$00000000) refers (Special) to libinit2.o(.ARM.Collect$$libinit$$00000023) for __rt_lib_init_getenv_1
    libinit.o(.ARM.Collect$$libinit$$00000000) refers (Special) to libinit2.o(.ARM.Collect$$libinit$$0000000A) for __rt_lib_init_heap_1
    libinit.o(.ARM.Collect$$libinit$$00000000) refers (Special) to libinit2.o(.ARM.Collect$$libinit$$00000011) for __rt_lib_init_lc_collate_1
    libinit.o(.ARM.Collect$$libinit$$00000000) refers (Special) to libinit2.o(.ARM.Collect$$libinit$$00000013) for __rt_lib_init_lc_ctype_1
    libinit.o(.ARM.Collect$$libinit$$00000000) refers (Special) to libinit2.o(.ARM.Collect$$libinit$$00000015) for __rt_lib_init_lc_monetary_1
    libinit.o(.ARM.Collect$$libinit$$00000000) refers (Special) to libinit2.o(.ARM.Collect$$libinit$$00000017) for __rt_lib_init_lc_numeric_1
    libinit.o(.ARM.Collect$$libinit$$00000000) refers (Special) to libinit2.o(.ARM.Collect$$libinit$$00000019) for __rt_lib_init_lc_time_1
    libinit.o(.ARM.Collect$$libinit$$00000000) refers (Special) to libinit2.o(.ARM.Collect$$libinit$$00000004) for __rt_lib_init_preinit_1
    libinit.o(.ARM.Collect$$libinit$$00000000) refers (Special) to libinit2.o(.ARM.Collect$$libinit$$0000000E) for __rt_lib_init_rand_1
    libinit.o(.ARM.Collect$$libinit$$00000000) refers (Special) to libinit2.o(.ARM.Collect$$libinit$$00000033) for __rt_lib_init_return
    libinit.o(.ARM.Collect$$libinit$$00000000) refers (Special) to libinit2.o(.ARM.Collect$$libinit$$0000001D) for __rt_lib_init_signal_1
    libinit.o(.ARM.Collect$$libinit$$00000000) refers (Special) to libinit2.o(.ARM.Collect$$libinit$$00000025) for __rt_lib_init_stdio_1
    libinit.o(.ARM.Collect$$libinit$$00000000) refers (Special) to libinit2.o(.ARM.Collect$$libinit$$0000000C) for __rt_lib_init_user_alloc_1
    libspace.o(.text) refers to libspace.o(.bss) for __libspace_start
    rtexit.o(.ARM.Collect$$rtexit$$00000000) refers (Special) to rtexit2.o(.ARM.Collect$$rtexit$$00000004) for __rt_exit_exit
    rtexit.o(.ARM.Collect$$rtexit$$00000000) refers (Special) to rtexit2.o(.ARM.Collect$$rtexit$$00000003) for __rt_exit_ls
    rtexit.o(.ARM.Collect$$rtexit$$00000000) refers (Special) to rtexit2.o(.ARM.Collect$$rtexit$$00000002) for __rt_exit_prels_1
    rtexit.o(.ARM.exidx) refers (Special) to rtexit2.o(.ARM.Collect$$rtexit$$00000004) for __rt_exit_exit
    rtexit.o(.ARM.exidx) refers (Special) to rtexit2.o(.ARM.Collect$$rtexit$$00000003) for __rt_exit_ls
    rtexit.o(.ARM.exidx) refers (Special) to rtexit2.o(.ARM.Collect$$rtexit$$00000002) for __rt_exit_prels_1
    rtexit.o(.ARM.exidx) refers to rtexit.o(.ARM.Collect$$rtexit$$00000000) for .ARM.Collect$$rtexit$$00000000
    rt_raise.o(.text) refers to __raise.o(.text) for __raise
    rt_raise.o(.text) refers to sys_exit.o(.text) for _sys_exit
    defsig_exit.o(.text) refers to sys_exit.o(.text) for _sys_exit
    defsig_fpe_inner.o(.text) refers to defsig_general.o(.text) for __default_signal_display
    libinit2.o(.ARM.Collect$$libinit$$00000010) refers to libinit2.o(.ARM.Collect$$libinit$$0000000F) for .ARM.Collect$$libinit$$0000000F
    libinit2.o(.ARM.Collect$$libinit$$00000012) refers to libinit2.o(.ARM.Collect$$libinit$$0000000F) for .ARM.Collect$$libinit$$0000000F
    libinit2.o(.ARM.Collect$$libinit$$00000014) refers to libinit2.o(.ARM.Collect$$libinit$$0000000F) for .ARM.Collect$$libinit$$0000000F
    libinit2.o(.ARM.Collect$$libinit$$00000016) refers to libinit2.o(.ARM.Collect$$libinit$$0000000F) for .ARM.Collect$$libinit$$0000000F
    libinit2.o(.ARM.Collect$$libinit$$00000018) refers to libinit2.o(.ARM.Collect$$libinit$$0000000F) for .ARM.Collect$$libinit$$0000000F
    libinit2.o(.ARM.Collect$$libinit$$00000026) refers to argv_veneer.o(.emb_text) for __ARM_argv_veneer
    libinit2.o(.ARM.Collect$$libinit$$00000027) refers to argv_veneer.o(.emb_text) for __ARM_argv_veneer
    sys_exit.o(.text) refers (Special) to use_no_semi.o(.text) for __I$use$semihosting
    sys_exit.o(.text) refers (Special) to indicate_semi.o(.text) for __semihosting_library_function
    rtexit2.o(.ARM.Collect$$rtexit$$00000003) refers to libshutdown.o(.ARM.Collect$$libshutdown$$00000000) for __rt_lib_shutdown
    rtexit2.o(.ARM.Collect$$rtexit$$00000004) refers to sys_exit.o(.text) for _sys_exit
    rtexit2.o(.ARM.exidx) refers to rtexit2.o(.ARM.Collect$$rtexit$$00000001) for .ARM.Collect$$rtexit$$00000001
    rtexit2.o(.ARM.exidx) refers to rtexit2.o(.ARM.Collect$$rtexit$$00000003) for .ARM.Collect$$rtexit$$00000003
    rtexit2.o(.ARM.exidx) refers to rtexit2.o(.ARM.Collect$$rtexit$$00000004) for .ARM.Collect$$rtexit$$00000004
    __raise.o(.text) refers to defsig.o(CL$$defsig) for __default_signal_handler
    defsig_general.o(.text) refers to sys_wrch.o(.text) for _ttywrch
    argv_veneer.o(.emb_text) refers to no_argv.o(.text) for __ARM_get_argv
    sys_wrch.o(.text) refers (Special) to use_no_semi.o(.text) for __I$use$semihosting
    sys_wrch.o(.text) refers (Special) to indicate_semi.o(.text) for __semihosting_library_function
    defsig.o(CL$$defsig) refers to defsig_fpe_inner.o(.text) for __rt_SIGFPE_inner
    defsig.o(CL$$defsig) refers to defsig_rtmem_inner.o(.text) for __rt_SIGRTMEM_inner
    _get_argv_nomalloc.o(.text) refers (Special) to hrguard.o(.text) for __heap_region$guard
    _get_argv_nomalloc.o(.text) refers to defsig_rtmem_outer.o(.text) for __rt_SIGRTMEM
    _get_argv_nomalloc.o(.text) refers to sys_command.o(.text) for _sys_command_string
    libshutdown.o(.ARM.Collect$$libshutdown$$00000000) refers (Special) to libshutdown2.o(.ARM.Collect$$libshutdown$$00000002) for __rt_lib_shutdown_cpp_1
    libshutdown.o(.ARM.Collect$$libshutdown$$00000000) refers (Special) to libshutdown2.o(.ARM.Collect$$libshutdown$$00000007) for __rt_lib_shutdown_fp_trap_1
    libshutdown.o(.ARM.Collect$$libshutdown$$00000000) refers (Special) to libshutdown2.o(.ARM.Collect$$libshutdown$$0000000F) for __rt_lib_shutdown_heap_1
    libshutdown.o(.ARM.Collect$$libshutdown$$00000000) refers (Special) to libshutdown2.o(.ARM.Collect$$libshutdown$$00000010) for __rt_lib_shutdown_return
    libshutdown.o(.ARM.Collect$$libshutdown$$00000000) refers (Special) to libshutdown2.o(.ARM.Collect$$libshutdown$$0000000A) for __rt_lib_shutdown_signal_1
    libshutdown.o(.ARM.Collect$$libshutdown$$00000000) refers (Special) to libshutdown2.o(.ARM.Collect$$libshutdown$$00000004) for __rt_lib_shutdown_stdio_1
    libshutdown.o(.ARM.Collect$$libshutdown$$00000000) refers (Special) to libshutdown2.o(.ARM.Collect$$libshutdown$$0000000C) for __rt_lib_shutdown_user_alloc_1
    sys_command.o(.text) refers (Special) to use_no_semi.o(.text) for __I$use$semihosting
    sys_command.o(.text) refers (Special) to indicate_semi.o(.text) for __semihosting_library_function
    defsig_abrt_inner.o(.text) refers to defsig_general.o(.text) for __default_signal_display
    defsig_rtred_inner.o(.text) refers to defsig_general.o(.text) for __default_signal_display
    defsig_rtmem_inner.o(.text) refers to defsig_general.o(.text) for __default_signal_display
    defsig_rtmem_outer.o(.text) refers to defsig_rtmem_inner.o(.text) for __rt_SIGRTMEM_inner
    defsig_rtmem_outer.o(.text) refers to defsig_exit.o(.text) for __sig_exit
    defsig_rtmem_formal.o(.text) refers to rt_raise.o(.text) for __rt_raise
    defsig_stak_inner.o(.text) refers to defsig_general.o(.text) for __default_signal_display
    defsig_pvfn_inner.o(.text) refers to defsig_general.o(.text) for __default_signal_display
    defsig_cppl_inner.o(.text) refers to defsig_general.o(.text) for __default_signal_display
    defsig_segv_inner.o(.text) refers to defsig_general.o(.text) for __default_signal_display
    defsig_other.o(.text) refers to defsig_general.o(.text) for __default_signal_display


==============================================================================

Removing Unused input sections from the image.

    Removing irq_adc.o(.rev16_text), (4 bytes).
    Removing irq_adc.o(.revsh_text), (4 bytes).
    Removing irq_adc.o(.rrx_text), (6 bytes).
    Removing lib_adc_dac.o(.rev16_text), (4 bytes).
    Removing lib_adc_dac.o(.revsh_text), (4 bytes).
    Removing lib_adc_dac.o(.rrx_text), (6 bytes).
    Removing irq_button.o(.rev16_text), (4 bytes).
    Removing irq_button.o(.revsh_text), (4 bytes).
    Removing irq_button.o(.rrx_text), (6 bytes).
    Removing lib_button.o(.rev16_text), (4 bytes).
    Removing lib_button.o(.revsh_text), (4 bytes).
    Removing lib_button.o(.rrx_text), (6 bytes).
    Removing lib_led.o(.rev16_text), (4 bytes).
    Removing lib_led.o(.revsh_text), (4 bytes).
    Removing lib_led.o(.rrx_text), (6 bytes).
    Removing lib_led.o(i.LED_deinit), (20 bytes).
    Removing lib_led.o(i.all_LED_off), (12 bytes).
    Removing lib_led.o(i.all_LED_on), (12 bytes).
    Removing irq_timer.o(.rev16_text), (4 bytes).
    Removing irq_timer.o(.revsh_text), (4 bytes).
    Removing irq_timer.o(.rrx_text), (6 bytes).
    Removing lib_timer.o(.rev16_text), (4 bytes).
    Removing lib_timer.o(.revsh_text), (4 bytes).
    Removing lib_timer.o(.rrx_text), (6 bytes).
    Removing sample.o(.rev16_text), (4 bytes).
    Removing sample.o(.revsh_text), (4 bytes).
    Removing sample.o(.rrx_text), (6 bytes).
    Removing system_lpc17xx.o(.rev16_text), (4 bytes).
    Removing system_lpc17xx.o(.revsh_text), (4 bytes).
    Removing system_lpc17xx.o(.rrx_text), (6 bytes).
    Removing system_lpc17xx.o(i.SystemCoreClockUpdate), (424 bytes).
    Removing system_lpc17xx.o(i.SystemInit), (320 bytes).
    Removing system_lpc17xx.o(.data), (4 bytes).

33 unused section(s) (total 918 bytes) removed from the image.

==============================================================================

Image Symbol Table

    Local Symbols

    Symbol Name                              Value     Ov Type        Size  Object(Section)

    RESET                                    0x00000000   Section      204  startup_lpc17xx.o(RESET)
    ../clib/angel/boardlib.s                 0x00000000   Number         0  boardshut.o ABSOLUTE
    ../clib/angel/boardlib.s                 0x00000000   Number         0  boardinit1.o ABSOLUTE
    ../clib/angel/boardlib.s                 0x00000000   Number         0  boardinit3.o ABSOLUTE
    ../clib/angel/boardlib.s                 0x00000000   Number         0  boardinit2.o ABSOLUTE
    ../clib/angel/dczerorl2.s                0x00000000   Number         0  __dczerorl2.o ABSOLUTE
    ../clib/angel/handlers.s                 0x00000000   Number         0  __scatter_zi.o ABSOLUTE
    ../clib/angel/kernel.s                   0x00000000   Number         0  __rtentry2.o ABSOLUTE
    ../clib/angel/kernel.s                   0x00000000   Number         0  rtexit.o ABSOLUTE
    ../clib/angel/kernel.s                   0x00000000   Number         0  __rtentry4.o ABSOLUTE
    ../clib/angel/kernel.s                   0x00000000   Number         0  __rtentry.o ABSOLUTE
    ../clib/angel/kernel.s                   0x00000000   Number         0  rtexit2.o ABSOLUTE
    ../clib/angel/rt.s                       0x00000000   Number         0  rt_raise.o ABSOLUTE
    ../clib/angel/rt.s                       0x00000000   Number         0  aeabi_ldiv0_sigfpe.o ABSOLUTE
    ../clib/angel/rt.s                       0x00000000   Number         0  aeabi_ldiv0.o ABSOLUTE
    ../clib/angel/rt.s                       0x00000000   Number         0  rt_div0.o ABSOLUTE
    ../clib/angel/scatter.s                  0x00000000   Number         0  __scatter.o ABSOLUTE
    ../clib/angel/startup.s                  0x00000000   Number         0  __main.o ABSOLUTE
    ../clib/angel/sys.s                      0x00000000   Number         0  use_no_semi.o ABSOLUTE
    ../clib/angel/sys.s                      0x00000000   Number         0  indicate_semi.o ABSOLUTE
    ../clib/angel/sys.s                      0x00000000   Number         0  libspace.o ABSOLUTE
    ../clib/angel/sys.s                      0x00000000   Number         0  sys_stackheap_outer.o ABSOLUTE
    ../clib/angel/sysapp.c                   0x00000000   Number         0  sys_wrch.o ABSOLUTE
    ../clib/angel/sysapp.c                   0x00000000   Number         0  sys_command.o ABSOLUTE
    ../clib/angel/sysapp.c                   0x00000000   Number         0  sys_exit.o ABSOLUTE
    ../clib/armsys.c                         0x00000000   Number         0  no_argv.o ABSOLUTE
    ../clib/armsys.c                         0x00000000   Number         0  _get_argv_nomalloc.o ABSOLUTE
    ../clib/armsys.c                         0x00000000   Number         0  argv_veneer.o ABSOLUTE
    ../clib/armsys.c                         0x00000000   Number         0  argv_veneer.o ABSOLUTE
    ../clib/heapalloc.c                      0x00000000   Number         0  hrguard.o ABSOLUTE
    ../clib/heapaux.c                        0x00000000   Number         0  heapauxi.o ABSOLUTE
    ../clib/libinit.s                        0x00000000   Number         0  libshutdown2.o ABSOLUTE
    ../clib/libinit.s                        0x00000000   Number         0  libinit.o ABSOLUTE
    ../clib/libinit.s                        0x00000000   Number         0  libshutdown.o ABSOLUTE
    ../clib/libinit.s                        0x00000000   Number         0  libinit2.o ABSOLUTE
    ../clib/longlong.s                       0x00000000   Number         0  lludivv7m.o ABSOLUTE
    ../clib/signal.c                         0x00000000   Number         0  defsig_fpe_inner.o ABSOLUTE
    ../clib/signal.c                         0x00000000   Number         0  defsig_general.o ABSOLUTE
    ../clib/signal.c                         0x00000000   Number         0  defsig_rtred_inner.o ABSOLUTE
    ../clib/signal.c                         0x00000000   Number         0  defsig_exit.o ABSOLUTE
    ../clib/signal.c                         0x00000000   Number         0  defsig_rtmem_inner.o ABSOLUTE
    ../clib/signal.c                         0x00000000   Number         0  defsig_fpe_formal.o ABSOLUTE
    ../clib/signal.c                         0x00000000   Number         0  defsig_abrt_inner.o ABSOLUTE
    ../clib/signal.c                         0x00000000   Number         0  defsig_pvfn_inner.o ABSOLUTE
    ../clib/signal.c                         0x00000000   Number         0  defsig_stak_inner.o ABSOLUTE
    ../clib/signal.c                         0x00000000   Number         0  defsig_rtmem_formal.o ABSOLUTE
    ../clib/signal.c                         0x00000000   Number         0  defsig_cppl_inner.o ABSOLUTE
    ../clib/signal.c                         0x00000000   Number         0  defsig_segv_inner.o ABSOLUTE
    ../clib/signal.c                         0x00000000   Number         0  defsig_other.o ABSOLUTE
    ../clib/signal.c                         0x00000000   Number         0  __raise.o ABSOLUTE
    ../clib/signal.c                         0x00000000   Number         0  defsig_fpe_outer.o ABSOLUTE
    ../clib/signal.c                         0x00000000   Number         0  defsig_rtmem_outer.o ABSOLUTE
    ../clib/signal.s                         0x00000000   Number         0  defsig.o ABSOLUTE
    ../clib/stdlib.c                         0x00000000   Number         0  exit.o ABSOLUTE
    ../fplib/fpinit.s                        0x00000000   Number         0  fpinit.o ABSOLUTE
    ADC_DAC\IRQ_adc.c                        0x00000000   Number         0  irq_adc.o ABSOLUTE
    ADC_DAC\\IRQ_adc.c                       0x00000000   Number         0  irq_adc.o ABSOLUTE
    ADC_DAC\\lib_adc_dac.c                   0x00000000   Number         0  lib_adc_dac.o ABSOLUTE
    ADC_DAC\lib_adc_dac.c                    0x00000000   Number         0  lib_adc_dac.o ABSOLUTE
    RTE\Device\LPC1768\startup_LPC17xx.s     0x00000000   Number         0  startup_lpc17xx.o ABSOLUTE
    RTE\Device\LPC1768\system_LPC17xx.c      0x00000000   Number         0  system_lpc17xx.o ABSOLUTE
    RTE\\Device\\LPC1768\\system_LPC17xx.c   0x00000000   Number         0  system_lpc17xx.o ABSOLUTE
    button\IRQ_button.c                      0x00000000   Number         0  irq_button.o ABSOLUTE
    button\\IRQ_button.c                     0x00000000   Number         0  irq_button.o ABSOLUTE
    button\\lib_button.c                     0x00000000   Number         0  lib_button.o ABSOLUTE
    button\lib_button.c                      0x00000000   Number         0  lib_button.o ABSOLUTE
    dc.s                                     0x00000000   Number         0  dc.o ABSOLUTE
    led\\lib_led.c                           0x00000000   Number         0  lib_led.o ABSOLUTE
    led\lib_led.c                            0x00000000   Number         0  lib_led.o ABSOLUTE
    sample.c                                 0x00000000   Number         0  sample.o ABSOLUTE
    sample.c                                 0x00000000   Number         0  sample.o ABSOLUTE
    timer\IRQ_timer.c                        0x00000000   Number         0  irq_timer.o ABSOLUTE
    timer\\IRQ_timer.c                       0x00000000   Number         0  irq_timer.o ABSOLUTE
    timer\\lib_timer.c                       0x00000000   Number         0  lib_timer.o ABSOLUTE
    timer\lib_timer.c                        0x00000000   Number         0  lib_timer.o ABSOLUTE
    !!!main                                  0x000000cc   Section        8  __main.o(!!!main)
    !!!scatter                               0x000000d4   Section       52  __scatter.o(!!!scatter)
    !!dczerorl2                              0x00000108   Section       90  __dczerorl2.o(!!dczerorl2)
    !!handler_zi                             0x00000164   Section       28  __scatter_zi.o(!!handler_zi)
    .ARM.Collect$$libinit$$00000000          0x00000180   Section        2  libinit.o(.ARM.Collect$$libinit$$00000000)
    .ARM.Collect$$libinit$$00000002          0x00000182   Section        0  libinit2.o(.ARM.Collect$$libinit$$00000002)
    .ARM.Collect$$libinit$$00000004          0x00000182   Section        0  libinit2.o(.ARM.Collect$$libinit$$00000004)
    .ARM.Collect$$libinit$$0000000A          0x00000182   Section        0  libinit2.o(.ARM.Collect$$libinit$$0000000A)
    .ARM.Collect$$libinit$$0000000C          0x00000182   Section        0  libinit2.o(.ARM.Collect$$libinit$$0000000C)
    .ARM.Collect$$libinit$$0000000E          0x00000182   Section        0  libinit2.o(.ARM.Collect$$libinit$$0000000E)
    .ARM.Collect$$libinit$$00000011          0x00000182   Section        0  libinit2.o(.ARM.Collect$$libinit$$00000011)
    .ARM.Collect$$libinit$$00000013          0x00000182   Section        0  libinit2.o(.ARM.Collect$$libinit$$00000013)
    .ARM.Collect$$libinit$$00000015          0x00000182   Section        0  libinit2.o(.ARM.Collect$$libinit$$00000015)
    .ARM.Collect$$libinit$$00000017          0x00000182   Section        0  libinit2.o(.ARM.Collect$$libinit$$00000017)
    .ARM.Collect$$libinit$$00000019          0x00000182   Section        0  libinit2.o(.ARM.Collect$$libinit$$00000019)
    .ARM.Collect$$libinit$$0000001B          0x00000182   Section        0  libinit2.o(.ARM.Collect$$libinit$$0000001B)
    .ARM.Collect$$libinit$$0000001D          0x00000182   Section        0  libinit2.o(.ARM.Collect$$libinit$$0000001D)
    .ARM.Collect$$libinit$$0000001F          0x00000182   Section        0  libinit2.o(.ARM.Collect$$libinit$$0000001F)
    .ARM.Collect$$libinit$$00000021          0x00000182   Section        0  libinit2.o(.ARM.Collect$$libinit$$00000021)
    .ARM.Collect$$libinit$$00000023          0x00000182   Section        0  libinit2.o(.ARM.Collect$$libinit$$00000023)
    .ARM.Collect$$libinit$$00000025          0x00000182   Section        0  libinit2.o(.ARM.Collect$$libinit$$00000025)
    .ARM.Collect$$libinit$$0000002C          0x00000182   Section        0  libinit2.o(.ARM.Collect$$libinit$$0000002C)
    .ARM.Collect$$libinit$$0000002E          0x00000182   Section        0  libinit2.o(.ARM.Collect$$libinit$$0000002E)
    .ARM.Collect$$libinit$$00000030          0x00000182   Section        0  libinit2.o(.ARM.Collect$$libinit$$00000030)
    .ARM.Collect$$libinit$$00000032          0x00000182   Section        0  libinit2.o(.ARM.Collect$$libinit$$00000032)
    .ARM.Collect$$libinit$$00000033          0x00000182   Section        2  libinit2.o(.ARM.Collect$$libinit$$00000033)
    .ARM.Collect$$libshutdown$$00000000      0x00000184   Section        2  libshutdown.o(.ARM.Collect$$libshutdown$$00000000)
    .ARM.Collect$$libshutdown$$00000002      0x00000186   Section        0  libshutdown2.o(.ARM.Collect$$libshutdown$$00000002)
    .ARM.Collect$$libshutdown$$00000004      0x00000186   Section        0  libshutdown2.o(.ARM.Collect$$libshutdown$$00000004)
    .ARM.Collect$$libshutdown$$00000007      0x00000186   Section        0  libshutdown2.o(.ARM.Collect$$libshutdown$$00000007)
    .ARM.Collect$$libshutdown$$0000000A      0x00000186   Section        0  libshutdown2.o(.ARM.Collect$$libshutdown$$0000000A)
    .ARM.Collect$$libshutdown$$0000000C      0x00000186   Section        0  libshutdown2.o(.ARM.Collect$$libshutdown$$0000000C)
    .ARM.Collect$$libshutdown$$0000000F      0x00000186   Section        0  libshutdown2.o(.ARM.Collect$$libshutdown$$0000000F)
    .ARM.Collect$$libshutdown$$00000010      0x00000186   Section        2  libshutdown2.o(.ARM.Collect$$libshutdown$$00000010)
    .ARM.Collect$$rtentry$$00000000          0x00000188   Section        0  __rtentry.o(.ARM.Collect$$rtentry$$00000000)
    .ARM.Collect$$rtentry$$00000002          0x00000188   Section        0  __rtentry2.o(.ARM.Collect$$rtentry$$00000002)
    .ARM.Collect$$rtentry$$00000004          0x00000188   Section        6  __rtentry4.o(.ARM.Collect$$rtentry$$00000004)
    .ARM.Collect$$rtentry$$00000009          0x0000018e   Section        0  __rtentry2.o(.ARM.Collect$$rtentry$$00000009)
    .ARM.Collect$$rtentry$$0000000A          0x0000018e   Section        4  __rtentry2.o(.ARM.Collect$$rtentry$$0000000A)
    .ARM.Collect$$rtentry$$0000000C          0x00000192   Section        0  __rtentry2.o(.ARM.Collect$$rtentry$$0000000C)
    .ARM.Collect$$rtentry$$0000000D          0x00000192   Section        8  __rtentry2.o(.ARM.Collect$$rtentry$$0000000D)
    .ARM.Collect$$rtexit$$00000000           0x0000019a   Section        2  rtexit.o(.ARM.Collect$$rtexit$$00000000)
    .ARM.Collect$$rtexit$$00000002           0x0000019c   Section        0  rtexit2.o(.ARM.Collect$$rtexit$$00000002)
    .ARM.Collect$$rtexit$$00000003           0x0000019c   Section        4  rtexit2.o(.ARM.Collect$$rtexit$$00000003)
    .ARM.Collect$$rtexit$$00000004           0x000001a0   Section        6  rtexit2.o(.ARM.Collect$$rtexit$$00000004)
    .text                                    0x000001a8   Section      268  startup_lpc17xx.o(.text)
    .text                                    0x000002b4   Section        0  heapauxi.o(.text)
    .text                                    0x000002ba   Section        0  exit.o(.text)
    .text                                    0x000002cc   Section        8  libspace.o(.text)
    .text                                    0x000002d4   Section        0  sys_exit.o(.text)
    .text                                    0x000002e0   Section        2  use_no_semi.o(.text)
    .text                                    0x000002e2   Section        0  indicate_semi.o(.text)
    i.ADC_start_conversion                   0x000002e4   Section        0  lib_adc_dac.o(i.ADC_start_conversion)
    .ARM.__at_0x02FC                         0x000002fc   Section        4  startup_lpc17xx.o(.ARM.__at_0x02FC)
    .text                                    0x00000300   Section       74  sys_stackheap_outer.o(.text)
    i.ADC_IRQHandler                         0x0000034c   Section        0  irq_adc.o(i.ADC_IRQHandler)
    i.ADC_init                               0x000003c4   Section        0  lib_adc_dac.o(i.ADC_init)
    i.BUTTON_init                            0x00000420   Section        0  lib_button.o(i.BUTTON_init)
    i.DAC_init                               0x00000490   Section        0  lib_adc_dac.o(i.DAC_init)
    i.EINT0_IRQHandler                       0x000004bc   Section        0  irq_button.o(i.EINT0_IRQHandler)
    i.EINT1_IRQHandler                       0x000004d4   Section        0  irq_button.o(i.EINT1_IRQHandler)
    i.EINT2_IRQHandler                       0x0000052c   Section        0  irq_button.o(i.EINT2_IRQHandler)
    i.LED_Off                                0x00000584   Section        0  lib_led.o(i.LED_Off)
    i.LED_On                                 0x000005a0   Section        0  lib_led.o(i.LED_On)
    i.LED_init                               0x000005bc   Section        0  lib_led.o(i.LED_init)
    i.TIMER0_IRQHandler                      0x000005e0   Section        0  irq_timer.o(i.TIMER0_IRQHandler)
    i.TIMER1_IRQHandler                      0x0000061c   Section        0  irq_timer.o(i.TIMER1_IRQHandler)
    i.__NVIC_EnableIRQ                       0x00000628   Section        0  lib_button.o(i.__NVIC_EnableIRQ)
    __NVIC_EnableIRQ                         0x00000629   Thumb Code    34  lib_button.o(i.__NVIC_EnableIRQ)
    i.__NVIC_EnableIRQ                       0x0000064a   Section        0  lib_timer.o(i.__NVIC_EnableIRQ)
    __NVIC_EnableIRQ                         0x0000064b   Thumb Code    34  lib_timer.o(i.__NVIC_EnableIRQ)
    i.disable_timer                          0x0000066c   Section        0  lib_timer.o(i.disable_timer)
    i.enable_timer                           0x00000684   Section        0  lib_timer.o(i.enable_timer)
    i.init_timer                             0x0000069c   Section        0  lib_timer.o(i.init_timer)
    i.main                                   0x000006dc   Section        0  sample.o(i.main)
    i.reset_timer                            0x0000074c   Section        0  lib_timer.o(i.reset_timer)
    .constdata                               0x00000770   Section       32  irq_adc.o(.constdata)
    .constdata                               0x00000790   Section       32  lib_led.o(.constdata)
    inputData                                0x000007d0   Section      272  startup_lpc17xx.o(inputData)
    Price_list                               0x000007d0   Data          40  startup_lpc17xx.o(inputData)
    Item_list                                0x000008c0   Data          32  startup_lpc17xx.o(inputData)
    .data                                    0x10000000   Section        4  irq_adc.o(.data)
    .data                                    0x10000004   Section       96  irq_timer.o(.data)
    ticks                                    0x10000060   Data           4  irq_timer.o(.data)
    .data                                    0x10000064   Section      280  sample.o(.data)
    .bss                                     0x1000017c   Section       96  libspace.o(.bss)
    HEAP                                     0x100001e0   Section        0  startup_lpc17xx.o(HEAP)
    STACK                                    0x100001e0   Section      512  startup_lpc17xx.o(STACK)
    Heap_Mem                                 0x100001e0   Data           0  startup_lpc17xx.o(HEAP)
    Stack_Mem                                0x100001e0   Data         512  startup_lpc17xx.o(STACK)
    __initial_sp                             0x100003e0   Data           0  startup_lpc17xx.o(STACK)

    Global Symbols

    Symbol Name                              Value     Ov Type        Size  Object(Section)

    BuildAttributes$$THM_ISAv4$P$D$K$B$S$PE$A:L22UL41UL21$X:L11$S22US41US21$IEEE1$IW$USESV6$~STKCKD$USESV7$~SHL$OSPACE$ROPI$EBA8$UX$STANDARDLIB$REQ8$PRES8$EABIv2 0x00000000   Number         0  anon$$obj.o ABSOLUTE
    __ARM_use_no_argv                        0x00000000   Number         0  sample.o ABSOLUTE
    __Vectors                                0x00000000   Data           4  startup_lpc17xx.o(RESET)
    __ARM_exceptions_init                     - Undefined Weak Reference
    __alloca_initialize                       - Undefined Weak Reference
    __arm_preinit_                            - Undefined Weak Reference
    __cpp_initialize__aeabi_                  - Undefined Weak Reference
    __cxa_finalize                            - Undefined Weak Reference
    __rt_locale                               - Undefined Weak Reference
    __sigvec_lookup                           - Undefined Weak Reference
    _atexit_init                              - Undefined Weak Reference
    _call_atexit_fns                          - Undefined Weak Reference
    _clock_init                               - Undefined Weak Reference
    _fp_trap_init                             - Undefined Weak Reference
    _fp_trap_shutdown                         - Undefined Weak Reference
    _get_lc_collate                           - Undefined Weak Reference
    _get_lc_ctype                             - Undefined Weak Reference
    _get_lc_monetary                          - Undefined Weak Reference
    _get_lc_numeric                           - Undefined Weak Reference
    _get_lc_time                              - Undefined Weak Reference
    _getenv_init                              - Undefined Weak Reference
    _handle_redirection                       - Undefined Weak Reference
    _init_alloc                               - Undefined Weak Reference
    _init_user_alloc                          - Undefined Weak Reference
    _initio                                   - Undefined Weak Reference
    _rand_init                                - Undefined Weak Reference
    _signal_finish                            - Undefined Weak Reference
    _signal_init                              - Undefined Weak Reference
    _terminate_alloc                          - Undefined Weak Reference
    _terminate_user_alloc                     - Undefined Weak Reference
    _terminateio                              - Undefined Weak Reference
    __main                                   0x000000cd   Thumb Code     8  __main.o(!!!main)
    __scatterload                            0x000000d5   Thumb Code     0  __scatter.o(!!!scatter)
    __scatterload_rt2                        0x000000d5   Thumb Code    44  __scatter.o(!!!scatter)
    __scatterload_rt2_thumb_only             0x000000d5   Thumb Code     0  __scatter.o(!!!scatter)
    __scatterload_null                       0x000000e3   Thumb Code     0  __scatter.o(!!!scatter)
    __decompress                             0x00000109   Thumb Code    90  __dczerorl2.o(!!dczerorl2)
    __decompress1                            0x00000109   Thumb Code     0  __dczerorl2.o(!!dczerorl2)
    __scatterload_zeroinit                   0x00000165   Thumb Code    28  __scatter_zi.o(!!handler_zi)
    __rt_lib_init                            0x00000181   Thumb Code     0  libinit.o(.ARM.Collect$$libinit$$00000000)
    __rt_lib_init_alloca_1                   0x00000183   Thumb Code     0  libinit2.o(.ARM.Collect$$libinit$$0000002E)
    __rt_lib_init_argv_1                     0x00000183   Thumb Code     0  libinit2.o(.ARM.Collect$$libinit$$0000002C)
    __rt_lib_init_atexit_1                   0x00000183   Thumb Code     0  libinit2.o(.ARM.Collect$$libinit$$0000001B)
    __rt_lib_init_clock_1                    0x00000183   Thumb Code     0  libinit2.o(.ARM.Collect$$libinit$$00000021)
    __rt_lib_init_cpp_1                      0x00000183   Thumb Code     0  libinit2.o(.ARM.Collect$$libinit$$00000032)
    __rt_lib_init_exceptions_1               0x00000183   Thumb Code     0  libinit2.o(.ARM.Collect$$libinit$$00000030)
    __rt_lib_init_fp_1                       0x00000183   Thumb Code     0  libinit2.o(.ARM.Collect$$libinit$$00000002)
    __rt_lib_init_fp_trap_1                  0x00000183   Thumb Code     0  libinit2.o(.ARM.Collect$$libinit$$0000001F)
    __rt_lib_init_getenv_1                   0x00000183   Thumb Code     0  libinit2.o(.ARM.Collect$$libinit$$00000023)
    __rt_lib_init_heap_1                     0x00000183   Thumb Code     0  libinit2.o(.ARM.Collect$$libinit$$0000000A)
    __rt_lib_init_lc_collate_1               0x00000183   Thumb Code     0  libinit2.o(.ARM.Collect$$libinit$$00000011)
    __rt_lib_init_lc_ctype_1                 0x00000183   Thumb Code     0  libinit2.o(.ARM.Collect$$libinit$$00000013)
    __rt_lib_init_lc_monetary_1              0x00000183   Thumb Code     0  libinit2.o(.ARM.Collect$$libinit$$00000015)
    __rt_lib_init_lc_numeric_1               0x00000183   Thumb Code     0  libinit2.o(.ARM.Collect$$libinit$$00000017)
    __rt_lib_init_lc_time_1                  0x00000183   Thumb Code     0  libinit2.o(.ARM.Collect$$libinit$$00000019)
    __rt_lib_init_preinit_1                  0x00000183   Thumb Code     0  libinit2.o(.ARM.Collect$$libinit$$00000004)
    __rt_lib_init_rand_1                     0x00000183   Thumb Code     0  libinit2.o(.ARM.Collect$$libinit$$0000000E)
    __rt_lib_init_return                     0x00000183   Thumb Code     0  libinit2.o(.ARM.Collect$$libinit$$00000033)
    __rt_lib_init_signal_1                   0x00000183   Thumb Code     0  libinit2.o(.ARM.Collect$$libinit$$0000001D)
    __rt_lib_init_stdio_1                    0x00000183   Thumb Code     0  libinit2.o(.ARM.Collect$$libinit$$00000025)
    __rt_lib_init_user_alloc_1               0x00000183   Thumb Code     0  libinit2.o(.ARM.Collect$$libinit$$0000000C)
    __rt_lib_shutdown                        0x00000185   Thumb Code     0  libshutdown.o(.ARM.Collect$$libshutdown$$00000000)
    __rt_lib_shutdown_cpp_1                  0x00000187   Thumb Code     0  libshutdown2.o(.ARM.Collect$$libshutdown$$00000002)
    __rt_lib_shutdown_fp_trap_1              0x00000187   Thumb Code     0  libshutdown2.o(.ARM.Collect$$libshutdown$$00000007)
    __rt_lib_shutdown_heap_1                 0x00000187   Thumb Code     0  libshutdown2.o(.ARM.Collect$$libshutdown$$0000000F)
    __rt_lib_shutdown_return                 0x00000187   Thumb Code     0  libshutdown2.o(.ARM.Collect$$libshutdown$$00000010)
    __rt_lib_shutdown_signal_1               0x00000187   Thumb Code     0  libshutdown2.o(.ARM.Collect$$libshutdown$$0000000A)
    __rt_lib_shutdown_stdio_1                0x00000187   Thumb Code     0  libshutdown2.o(.ARM.Collect$$libshutdown$$00000004)
    __rt_lib_shutdown_user_alloc_1           0x00000187   Thumb Code     0  libshutdown2.o(.ARM.Collect$$libshutdown$$0000000C)
    __rt_entry                               0x00000189   Thumb Code     0  __rtentry.o(.ARM.Collect$$rtentry$$00000000)
    __rt_entry_presh_1                       0x00000189   Thumb Code     0  __rtentry2.o(.ARM.Collect$$rtentry$$00000002)
    __rt_entry_sh                            0x00000189   Thumb Code     0  __rtentry4.o(.ARM.Collect$$rtentry$$00000004)
    __rt_entry_li                            0x0000018f   Thumb Code     0  __rtentry2.o(.ARM.Collect$$rtentry$$0000000A)
    __rt_entry_postsh_1                      0x0000018f   Thumb Code     0  __rtentry2.o(.ARM.Collect$$rtentry$$00000009)
    __rt_entry_main                          0x00000193   Thumb Code     0  __rtentry2.o(.ARM.Collect$$rtentry$$0000000D)
    __rt_entry_postli_1                      0x00000193   Thumb Code     0  __rtentry2.o(.ARM.Collect$$rtentry$$0000000C)
    __rt_exit                                0x0000019b   Thumb Code     0  rtexit.o(.ARM.Collect$$rtexit$$00000000)
    __rt_exit_ls                             0x0000019d   Thumb Code     0  rtexit2.o(.ARM.Collect$$rtexit$$00000003)
    __rt_exit_prels_1                        0x0000019d   Thumb Code     0  rtexit2.o(.ARM.Collect$$rtexit$$00000002)
    __rt_exit_exit                           0x000001a1   Thumb Code     0  rtexit2.o(.ARM.Collect$$rtexit$$00000004)
    Reset_Handler                            0x000001a9   Thumb Code    18  startup_lpc17xx.o(.text)
    sequentialSearch                         0x000001bb   Thumb Code    80  startup_lpc17xx.o(.text)
    binarySearch                             0x0000020b   Thumb Code   116  startup_lpc17xx.o(.text)
    NMI_Handler                              0x0000027f   Thumb Code     2  startup_lpc17xx.o(.text)
    HardFault_Handler                        0x00000281   Thumb Code     2  startup_lpc17xx.o(.text)
    MemManage_Handler                        0x00000283   Thumb Code     2  startup_lpc17xx.o(.text)
    BusFault_Handler                         0x00000285   Thumb Code     2  startup_lpc17xx.o(.text)
    UsageFault_Handler                       0x00000287   Thumb Code     2  startup_lpc17xx.o(.text)
    SVC_Handler                              0x00000289   Thumb Code     2  startup_lpc17xx.o(.text)
    DebugMon_Handler                         0x0000028b   Thumb Code     2  startup_lpc17xx.o(.text)
    PendSV_Handler                           0x0000028d   Thumb Code     2  startup_lpc17xx.o(.text)
    SysTick_Handler                          0x0000028f   Thumb Code     2  startup_lpc17xx.o(.text)
    BOD_IRQHandler                           0x00000291   Thumb Code     0  startup_lpc17xx.o(.text)
    CANActivity_IRQHandler                   0x00000291   Thumb Code     0  startup_lpc17xx.o(.text)
    CAN_IRQHandler                           0x00000291   Thumb Code     0  startup_lpc17xx.o(.text)
    DMA_IRQHandler                           0x00000291   Thumb Code     0  startup_lpc17xx.o(.text)
    EINT3_IRQHandler                         0x00000291   Thumb Code     0  startup_lpc17xx.o(.text)
    ENET_IRQHandler                          0x00000291   Thumb Code     0  startup_lpc17xx.o(.text)
    I2C0_IRQHandler                          0x00000291   Thumb Code     0  startup_lpc17xx.o(.text)
    I2C1_IRQHandler                          0x00000291   Thumb Code     0  startup_lpc17xx.o(.text)
    I2C2_IRQHandler                          0x00000291   Thumb Code     0  startup_lpc17xx.o(.text)
    I2S_IRQHandler                           0x00000291   Thumb Code     0  startup_lpc17xx.o(.text)
    MCPWM_IRQHandler                         0x00000291   Thumb Code     0  startup_lpc17xx.o(.text)
    PLL0_IRQHandler                          0x00000291   Thumb Code     0  startup_lpc17xx.o(.text)
    PLL1_IRQHandler                          0x00000291   Thumb Code     0  startup_lpc17xx.o(.text)
    PWM1_IRQHandler                          0x00000291   Thumb Code     0  startup_lpc17xx.o(.text)
    QEI_IRQHandler                           0x00000291   Thumb Code     0  startup_lpc17xx.o(.text)
    RIT_IRQHandler                           0x00000291   Thumb Code     0  startup_lpc17xx.o(.text)
    RTC_IRQHandler                           0x00000291   Thumb Code     0  startup_lpc17xx.o(.text)
    SPI_IRQHandler                           0x00000291   Thumb Code     0  startup_lpc17xx.o(.text)
    SSP0_IRQHandler                          0x00000291   Thumb Code     0  startup_lpc17xx.o(.text)
    SSP1_IRQHandler                          0x00000291   Thumb Code     0  startup_lpc17xx.o(.text)
    TIMER2_IRQHandler                        0x00000291   Thumb Code     0  startup_lpc17xx.o(.text)
    TIMER3_IRQHandler                        0x00000291   Thumb Code     0  startup_lpc17xx.o(.text)
    UART0_IRQHandler                         0x00000291   Thumb Code     0  startup_lpc17xx.o(.text)
    UART1_IRQHandler                         0x00000291   Thumb Code     0  startup_lpc17xx.o(.text)
    UART2_IRQHandler                         0x00000291   Thumb Code     0  startup_lpc17xx.o(.text)
    UART3_IRQHandler                         0x00000291   Thumb Code     0  startup_lpc17xx.o(.text)
    USBActivity_IRQHandler                   0x00000291   Thumb Code     0  startup_lpc17xx.o(.text)
    USB_IRQHandler                           0x00000291   Thumb Code     0  startup_lpc17xx.o(.text)
    WDT_IRQHandler                           0x00000291   Thumb Code     0  startup_lpc17xx.o(.text)
    __user_initial_stackheap                 0x00000295   Thumb Code     0  startup_lpc17xx.o(.text)
    __use_two_region_memory                  0x000002b5   Thumb Code     2  heapauxi.o(.text)
    __rt_heap_escrow$2region                 0x000002b7   Thumb Code     2  heapauxi.o(.text)
    __rt_heap_expand$2region                 0x000002b9   Thumb Code     2  heapauxi.o(.text)
    exit                                     0x000002bb   Thumb Code    18  exit.o(.text)
    __user_libspace                          0x000002cd   Thumb Code     8  libspace.o(.text)
    __user_perproc_libspace                  0x000002cd   Thumb Code     0  libspace.o(.text)
    __user_perthread_libspace                0x000002cd   Thumb Code     0  libspace.o(.text)
    _sys_exit                                0x000002d5   Thumb Code     8  sys_exit.o(.text)
    __I$use$semihosting                      0x000002e1   Thumb Code     0  use_no_semi.o(.text)
    __use_no_semihosting_swi                 0x000002e1   Thumb Code     2  use_no_semi.o(.text)
    __semihosting_library_function           0x000002e3   Thumb Code     0  indicate_semi.o(.text)
    ADC_start_conversion                     0x000002e5   Thumb Code    14  lib_adc_dac.o(i.ADC_start_conversion)
    __user_setup_stackheap                   0x00000301   Thumb Code    74  sys_stackheap_outer.o(.text)
    ADC_IRQHandler                           0x0000034d   Thumb Code   102  irq_adc.o(i.ADC_IRQHandler)
    ADC_init                                 0x000003c5   Thumb Code    76  lib_adc_dac.o(i.ADC_init)
    BUTTON_init                              0x00000421   Thumb Code   100  lib_button.o(i.BUTTON_init)
    DAC_init                                 0x00000491   Thumb Code    36  lib_adc_dac.o(i.DAC_init)
    EINT0_IRQHandler                         0x000004bd   Thumb Code    16  irq_button.o(i.EINT0_IRQHandler)
    EINT1_IRQHandler                         0x000004d5   Thumb Code    62  irq_button.o(i.EINT1_IRQHandler)
    EINT2_IRQHandler                         0x0000052d   Thumb Code    62  irq_button.o(i.EINT2_IRQHandler)
    LED_Off                                  0x00000585   Thumb Code    18  lib_led.o(i.LED_Off)
    LED_On                                   0x000005a1   Thumb Code    18  lib_led.o(i.LED_On)
    LED_init                                 0x000005bd   Thumb Code    26  lib_led.o(i.LED_init)
    TIMER0_IRQHandler                        0x000005e1   Thumb Code    48  irq_timer.o(i.TIMER0_IRQHandler)
    TIMER1_IRQHandler                        0x0000061d   Thumb Code     8  irq_timer.o(i.TIMER1_IRQHandler)
    disable_timer                            0x0000066d   Thumb Code    20  lib_timer.o(i.disable_timer)
    enable_timer                             0x00000685   Thumb Code    20  lib_timer.o(i.enable_timer)
    init_timer                               0x0000069d   Thumb Code    60  lib_timer.o(i.init_timer)
    main                                     0x000006dd   Thumb Code    94  sample.o(i.main)
    reset_timer                              0x0000074d   Thumb Code    30  lib_timer.o(i.reset_timer)
    freqs                                    0x00000770   Data          32  irq_adc.o(.constdata)
    led_mask                                 0x00000790   Data          32  lib_led.o(.constdata)
    Region$$Table$$Base                      0x000007b0   Number         0  anon$$obj.o(Region$$Table)
    Region$$Table$$Limit                     0x000007d0   Number         0  anon$$obj.o(Region$$Table)
    AD_current                               0x10000000   Data           2  irq_adc.o(.data)
    AD_last                                  0x10000002   Data           2  irq_adc.o(.data)
    SinTable                                 0x10000004   Data          90  irq_timer.o(.data)
    _MAX                                     0x10000064   Data           4  sample.o(.data)
    counter                                  0x10000068   Data           4  sample.o(.data)
    PriceList                                0x1000006c   Data         240  sample.o(.data)
    ItemList                                 0x1000015c   Data          32  sample.o(.data)
    __libspace_start                         0x1000017c   Data          96  libspace.o(.bss)
    __temporary_stack_top$libspace           0x100001dc   Data           0  libspace.o(.bss)



==============================================================================

Memory Map of the image

  Image Entry point : 0x000001a9

  Load Region LR_1 (Base: 0x00000000, Size: 0x00000a5c, Max: 0xffffffff, ABSOLUTE, COMPRESSED[0x000009b8])

    Execution Region ER_RO (Exec base: 0x00000000, Load base: 0x00000000, Size: 0x000008e0, Max: 0xffffffff, ABSOLUTE)

    Exec Addr    Load Addr    Size         Type   Attr      Idx    E Section Name        Object

    0x00000000   0x00000000   0x000000cc   Data   RO          357    RESET               startup_lpc17xx.o
    0x000000cc   0x000000cc   0x00000008   Code   RO          408  * !!!main             c_w.l(__main.o)
    0x000000d4   0x000000d4   0x00000034   Code   RO          577    !!!scatter          c_w.l(__scatter.o)
    0x00000108   0x00000108   0x0000005a   Code   RO          575    !!dczerorl2         c_w.l(__dczerorl2.o)
    0x00000162   0x00000162   0x00000002   PAD
    0x00000164   0x00000164   0x0000001c   Code   RO          579    !!handler_zi        c_w.l(__scatter_zi.o)
    0x00000180   0x00000180   0x00000002   Code   RO          445    .ARM.Collect$$libinit$$00000000  c_w.l(libinit.o)
    0x00000182   0x00000182   0x00000000   Code   RO          458    .ARM.Collect$$libinit$$00000002  c_w.l(libinit2.o)
    0x00000182   0x00000182   0x00000000   Code   RO          460    .ARM.Collect$$libinit$$00000004  c_w.l(libinit2.o)
    0x00000182   0x00000182   0x00000000   Code   RO          463    .ARM.Collect$$libinit$$0000000A  c_w.l(libinit2.o)
    0x00000182   0x00000182   0x00000000   Code   RO          465    .ARM.Collect$$libinit$$0000000C  c_w.l(libinit2.o)
    0x00000182   0x00000182   0x00000000   Code   RO          467    .ARM.Collect$$libinit$$0000000E  c_w.l(libinit2.o)
    0x00000182   0x00000182   0x00000000   Code   RO          470    .ARM.Collect$$libinit$$00000011  c_w.l(libinit2.o)
    0x00000182   0x00000182   0x00000000   Code   RO          472    .ARM.Collect$$libinit$$00000013  c_w.l(libinit2.o)
    0x00000182   0x00000182   0x00000000   Code   RO          474    .ARM.Collect$$libinit$$00000015  c_w.l(libinit2.o)
    0x00000182   0x00000182   0x00000000   Code   RO          476    .ARM.Collect$$libinit$$00000017  c_w.l(libinit2.o)
    0x00000182   0x00000182   0x00000000   Code   RO          478    .ARM.Collect$$libinit$$00000019  c_w.l(libinit2.o)
    0x00000182   0x00000182   0x00000000   Code   RO          480    .ARM.Collect$$libinit$$0000001B  c_w.l(libinit2.o)
    0x00000182   0x00000182   0x00000000   Code   RO          482    .ARM.Collect$$libinit$$0000001D  c_w.l(libinit2.o)
    0x00000182   0x00000182   0x00000000   Code   RO          484    .ARM.Collect$$libinit$$0000001F  c_w.l(libinit2.o)
    0x00000182   0x00000182   0x00000000   Code   RO          486    .ARM.Collect$$libinit$$00000021  c_w.l(libinit2.o)
    0x00000182   0x00000182   0x00000000   Code   RO          488    .ARM.Collect$$libinit$$00000023  c_w.l(libinit2.o)
    0x00000182   0x00000182   0x00000000   Code   RO          490    .ARM.Collect$$libinit$$00000025  c_w.l(libinit2.o)
    0x00000182   0x00000182   0x00000000   Code   RO          494    .ARM.Collect$$libinit$$0000002C  c_w.l(libinit2.o)
    0x00000182   0x00000182   0x00000000   Code   RO          496    .ARM.Collect$$libinit$$0000002E  c_w.l(libinit2.o)
    0x00000182   0x00000182   0x00000000   Code   RO          498    .ARM.Collect$$libinit$$00000030  c_w.l(libinit2.o)
    0x00000182   0x00000182   0x00000000   Code   RO          500    .ARM.Collect$$libinit$$00000032  c_w.l(libinit2.o)
    0x00000182   0x00000182   0x00000002   Code   RO          501    .ARM.Collect$$libinit$$00000033  c_w.l(libinit2.o)
    0x00000184   0x00000184   0x00000002   Code   RO          532    .ARM.Collect$$libshutdown$$00000000  c_w.l(libshutdown.o)
    0x00000186   0x00000186   0x00000000   Code   RO          558    .ARM.Collect$$libshutdown$$00000002  c_w.l(libshutdown2.o)
    0x00000186   0x00000186   0x00000000   Code   RO          560    .ARM.Collect$$libshutdown$$00000004  c_w.l(libshutdown2.o)
    0x00000186   0x00000186   0x00000000   Code   RO          563    .ARM.Collect$$libshutdown$$00000007  c_w.l(libshutdown2.o)
    0x00000186   0x00000186   0x00000000   Code   RO          566    .ARM.Collect$$libshutdown$$0000000A  c_w.l(libshutdown2.o)
    0x00000186   0x00000186   0x00000000   Code   RO          568    .ARM.Collect$$libshutdown$$0000000C  c_w.l(libshutdown2.o)
    0x00000186   0x00000186   0x00000000   Code   RO          571    .ARM.Collect$$libshutdown$$0000000F  c_w.l(libshutdown2.o)
    0x00000186   0x00000186   0x00000002   Code   RO          572    .ARM.Collect$$libshutdown$$00000010  c_w.l(libshutdown2.o)
    0x00000188   0x00000188   0x00000000   Code   RO          410    .ARM.Collect$$rtentry$$00000000  c_w.l(__rtentry.o)
    0x00000188   0x00000188   0x00000000   Code   RO          416    .ARM.Collect$$rtentry$$00000002  c_w.l(__rtentry2.o)
    0x00000188   0x00000188   0x00000006   Code   RO          428    .ARM.Collect$$rtentry$$00000004  c_w.l(__rtentry4.o)
    0x0000018e   0x0000018e   0x00000000   Code   RO          418    .ARM.Collect$$rtentry$$00000009  c_w.l(__rtentry2.o)
    0x0000018e   0x0000018e   0x00000004   Code   RO          419    .ARM.Collect$$rtentry$$0000000A  c_w.l(__rtentry2.o)
    0x00000192   0x00000192   0x00000000   Code   RO          421    .ARM.Collect$$rtentry$$0000000C  c_w.l(__rtentry2.o)
    0x00000192   0x00000192   0x00000008   Code   RO          422    .ARM.Collect$$rtentry$$0000000D  c_w.l(__rtentry2.o)
    0x0000019a   0x0000019a   0x00000002   Code   RO          449    .ARM.Collect$$rtexit$$00000000  c_w.l(rtexit.o)
    0x0000019c   0x0000019c   0x00000000   Code   RO          505    .ARM.Collect$$rtexit$$00000002  c_w.l(rtexit2.o)
    0x0000019c   0x0000019c   0x00000004   Code   RO          506    .ARM.Collect$$rtexit$$00000003  c_w.l(rtexit2.o)
    0x000001a0   0x000001a0   0x00000006   Code   RO          507    .ARM.Collect$$rtexit$$00000004  c_w.l(rtexit2.o)
    0x000001a6   0x000001a6   0x00000002   PAD
    0x000001a8   0x000001a8   0x0000010c   Code   RO          360  * .text               startup_lpc17xx.o
    0x000002b4   0x000002b4   0x00000006   Code   RO          406    .text               c_w.l(heapauxi.o)
    0x000002ba   0x000002ba   0x00000012   Code   RO          434    .text               c_w.l(exit.o)
    0x000002cc   0x000002cc   0x00000008   Code   RO          446    .text               c_w.l(libspace.o)
    0x000002d4   0x000002d4   0x0000000c   Code   RO          502    .text               c_w.l(sys_exit.o)
    0x000002e0   0x000002e0   0x00000002   Code   RO          521    .text               c_w.l(use_no_semi.o)
    0x000002e2   0x000002e2   0x00000000   Code   RO          523    .text               c_w.l(indicate_semi.o)
    0x000002e2   0x000002e2   0x00000002   PAD
    0x000002e4   0x000002e4   0x00000014   Code   RO           65    i.ADC_start_conversion  lib_adc_dac.o
    0x000002f8   0x000002f8   0x00000004   PAD
    0x000002fc   0x000002fc   0x00000004   Code   RO          358    .ARM.__at_0x02FC    startup_lpc17xx.o
    0x00000300   0x00000300   0x0000004a   Code   RO          432    .text               c_w.l(sys_stackheap_outer.o)
    0x0000034a   0x0000034a   0x00000002   PAD
    0x0000034c   0x0000034c   0x00000078   Code   RO            4    i.ADC_IRQHandler    irq_adc.o
    0x000003c4   0x000003c4   0x0000005c   Code   RO           64    i.ADC_init          lib_adc_dac.o
    0x00000420   0x00000420   0x00000070   Code   RO          144    i.BUTTON_init       lib_button.o
    0x00000490   0x00000490   0x0000002c   Code   RO           66    i.DAC_init          lib_adc_dac.o
    0x000004bc   0x000004bc   0x00000018   Code   RO          104    i.EINT0_IRQHandler  irq_button.o
    0x000004d4   0x000004d4   0x00000058   Code   RO          105    i.EINT1_IRQHandler  irq_button.o
    0x0000052c   0x0000052c   0x00000058   Code   RO          106    i.EINT2_IRQHandler  irq_button.o
    0x00000584   0x00000584   0x0000001c   Code   RO          177    i.LED_Off           lib_led.o
    0x000005a0   0x000005a0   0x0000001c   Code   RO          178    i.LED_On            lib_led.o
    0x000005bc   0x000005bc   0x00000024   Code   RO          180    i.LED_init          lib_led.o
    0x000005e0   0x000005e0   0x0000003c   Code   RO          241    i.TIMER0_IRQHandler  irq_timer.o
    0x0000061c   0x0000061c   0x0000000c   Code   RO          242    i.TIMER1_IRQHandler  irq_timer.o
    0x00000628   0x00000628   0x00000022   Code   RO          145    i.__NVIC_EnableIRQ  lib_button.o
    0x0000064a   0x0000064a   0x00000022   Code   RO          277    i.__NVIC_EnableIRQ  lib_timer.o
    0x0000066c   0x0000066c   0x00000018   Code   RO          278    i.disable_timer     lib_timer.o
    0x00000684   0x00000684   0x00000018   Code   RO          279    i.enable_timer      lib_timer.o
    0x0000069c   0x0000069c   0x00000040   Code   RO          280    i.init_timer        lib_timer.o
    0x000006dc   0x000006dc   0x00000070   Code   RO          324    i.main              sample.o
    0x0000074c   0x0000074c   0x00000024   Code   RO          281    i.reset_timer       lib_timer.o
    0x00000770   0x00000770   0x00000020   Data   RO            5    .constdata          irq_adc.o
    0x00000790   0x00000790   0x00000020   Data   RO          183    .constdata          lib_led.o
    0x000007b0   0x000007b0   0x00000020   Data   RO          573    Region$$Table       anon$$obj.o
    0x000007d0   0x000007d0   0x00000110   Data   RO          359    inputData           startup_lpc17xx.o


    Execution Region ER_RW (Exec base: 0x10000000, Load base: 0x000008e0, Size: 0x0000017c, Max: 0xffffffff, ABSOLUTE, COMPRESSED[0x000000d8])

    Exec Addr    Load Addr    Size         Type   Attr      Idx    E Section Name        Object

    0x10000000   COMPRESSED   0x00000004   Data   RW            6    .data               irq_adc.o
    0x10000004   COMPRESSED   0x00000060   Data   RW          243    .data               irq_timer.o
    0x10000064   COMPRESSED   0x00000118   Data   RW          325    .data               sample.o


    Execution Region ER_ZI (Exec base: 0x1000017c, Load base: 0x000009b8, Size: 0x00000264, Max: 0xffffffff, ABSOLUTE)

    Exec Addr    Load Addr    Size         Type   Attr      Idx    E Section Name        Object

    0x1000017c        -       0x00000060   Zero   RW          447    .bss                c_w.l(libspace.o)
    0x100001dc   0x000009b8   0x00000004   PAD
    0x100001e0        -       0x00000000   Zero   RW          356    HEAP                startup_lpc17xx.o
    0x100001e0        -       0x00000200   Zero   RW          355    STACK               startup_lpc17xx.o


==============================================================================

Image component sizes


      Code (inc. data)   RO Data    RW Data    ZI Data      Debug   Object Name

       120         18         32          4          0      22872   irq_adc.o
       200         60          0          0          0       1509   irq_button.o
        72         16          0         96          0       1719   irq_timer.o
       156         30          0          0          0      28012   lib_adc_dac.o
       146         12          0          0          0       1030   lib_button.o
        92         30         32          0          0       2165   lib_led.o
       182         18          0          0          0       2718   lib_timer.o
       112         18          0        280          0       1509   sample.o
       272         28        476          0        512       1260   startup_lpc17xx.o

    ----------------------------------------------------------------------
      1356        234        572        380        512      62794   Object Totals
         0          0         32          0          0          0   (incl. Generated)
         4          4          0          0          0          0   (incl. Padding)

    ----------------------------------------------------------------------

      Code (inc. data)   RO Data    RW Data    ZI Data      Debug   Library Member Name

        90          0          0          0          0          0   __dczerorl2.o
         8          0          0          0          0         68   __main.o
         0          0          0          0          0          0   __rtentry.o
        12          0          0          0          0          0   __rtentry2.o
         6          0          0          0          0          0   __rtentry4.o
        52          8          0          0          0          0   __scatter.o
        28          0          0          0          0          0   __scatter_zi.o
        18          0          0          0          0         80   exit.o
         6          0          0          0          0        152   heapauxi.o
         0          0          0          0          0          0   indicate_semi.o
         2          0          0          0          0          0   libinit.o
         2          0          0          0          0          0   libinit2.o
         2          0          0          0          0          0   libshutdown.o
         2          0          0          0          0          0   libshutdown2.o
         8          4          0          0         96         68   libspace.o
         2          0          0          0          0          0   rtexit.o
        10          0          0          0          0          0   rtexit2.o
        12          4          0          0          0         68   sys_exit.o
        74          0          0          0          0         80   sys_stackheap_outer.o
         2          0          0          0          0         68   use_no_semi.o

    ----------------------------------------------------------------------
       344         16          0          0        100        584   Library Totals
         8          0          0          0          4          0   (incl. Padding)

    ----------------------------------------------------------------------

      Code (inc. data)   RO Data    RW Data    ZI Data      Debug   Library Name

       336         16          0          0         96        584   c_w.l

    ----------------------------------------------------------------------
       344         16          0          0        100        584   Library Totals

    ----------------------------------------------------------------------

==============================================================================


      Code (inc. data)   RO Data    RW Data    ZI Data      Debug   

      1700        250        572        380        612      62334   Grand Totals
      1700        250        572        216        612      62334   ELF Image Totals (compressed)
      1700        250        572        216          0          0   ROM Totals

==============================================================================

    Total RO  Size (Code + RO Data)                 2272 (   2.22kB)
    Total RW  Size (RW Data + ZI Data)               992 (   0.97kB)
    Total ROM Size (Code + RO Data + RW Data)       2488 (   2.43kB)

==============================================================================

